Archive member included to satisfy reference by file (symbol)

d:/programi/st/stm32cubeide_1.6.0/stm32cubeide/plugins/com.st.stm32cube.ide.mcu.externaltools.gnu-tools-for-stm32.9-2020-q2-update.win32_1.5.0.202011040924/tools/bin/../lib/gcc/arm-none-eabi/9.3.1/../../../../arm-none-eabi/lib/thumb/v7e-m+fp/hard\libc_nano.a(lib_a-errno.o)
                              Core/Src/syscalls.o (__errno)
d:/programi/st/stm32cubeide_1.6.0/stm32cubeide/plugins/com.st.stm32cube.ide.mcu.externaltools.gnu-tools-for-stm32.9-2020-q2-update.win32_1.5.0.202011040924/tools/bin/../lib/gcc/arm-none-eabi/9.3.1/../../../../arm-none-eabi/lib/thumb/v7e-m+fp/hard\libc_nano.a(lib_a-exit.o)
                              d:/programi/st/stm32cubeide_1.6.0/stm32cubeide/plugins/com.st.stm32cube.ide.mcu.externaltools.gnu-tools-for-stm32.9-2020-q2-update.win32_1.5.0.202011040924/tools/bin/../lib/gcc/arm-none-eabi/9.3.1/../../../../arm-none-eabi/lib/thumb/v7e-m+fp/hard/crt0.o (exit)
d:/programi/st/stm32cubeide_1.6.0/stm32cubeide/plugins/com.st.stm32cube.ide.mcu.externaltools.gnu-tools-for-stm32.9-2020-q2-update.win32_1.5.0.202011040924/tools/bin/../lib/gcc/arm-none-eabi/9.3.1/../../../../arm-none-eabi/lib/thumb/v7e-m+fp/hard\libc_nano.a(lib_a-impure.o)
                              d:/programi/st/stm32cubeide_1.6.0/stm32cubeide/plugins/com.st.stm32cube.ide.mcu.externaltools.gnu-tools-for-stm32.9-2020-q2-update.win32_1.5.0.202011040924/tools/bin/../lib/gcc/arm-none-eabi/9.3.1/../../../../arm-none-eabi/lib/thumb/v7e-m+fp/hard\libc_nano.a(lib_a-exit.o) (_global_impure_ptr)
d:/programi/st/stm32cubeide_1.6.0/stm32cubeide/plugins/com.st.stm32cube.ide.mcu.externaltools.gnu-tools-for-stm32.9-2020-q2-update.win32_1.5.0.202011040924/tools/bin/../lib/gcc/arm-none-eabi/9.3.1/../../../../arm-none-eabi/lib/thumb/v7e-m+fp/hard\libc_nano.a(lib_a-init.o)
                              d:/programi/st/stm32cubeide_1.6.0/stm32cubeide/plugins/com.st.stm32cube.ide.mcu.externaltools.gnu-tools-for-stm32.9-2020-q2-update.win32_1.5.0.202011040924/tools/bin/../lib/gcc/arm-none-eabi/9.3.1/../../../../arm-none-eabi/lib/thumb/v7e-m+fp/hard/crt0.o (__libc_init_array)
d:/programi/st/stm32cubeide_1.6.0/stm32cubeide/plugins/com.st.stm32cube.ide.mcu.externaltools.gnu-tools-for-stm32.9-2020-q2-update.win32_1.5.0.202011040924/tools/bin/../lib/gcc/arm-none-eabi/9.3.1/../../../../arm-none-eabi/lib/thumb/v7e-m+fp/hard\libc_nano.a(lib_a-memset.o)
                              d:/programi/st/stm32cubeide_1.6.0/stm32cubeide/plugins/com.st.stm32cube.ide.mcu.externaltools.gnu-tools-for-stm32.9-2020-q2-update.win32_1.5.0.202011040924/tools/bin/../lib/gcc/arm-none-eabi/9.3.1/../../../../arm-none-eabi/lib/thumb/v7e-m+fp/hard/crt0.o (memset)
d:/programi/st/stm32cubeide_1.6.0/stm32cubeide/plugins/com.st.stm32cube.ide.mcu.externaltools.gnu-tools-for-stm32.9-2020-q2-update.win32_1.5.0.202011040924/tools/bin/../lib/gcc/arm-none-eabi/9.3.1/thumb/v7e-m+fp/hard\libgcc.a(_aeabi_uldivmod.o)
                              Drivers/STM32F4xx_HAL_Driver/Src/stm32f4xx_hal_rcc.o (__aeabi_uldivmod)
d:/programi/st/stm32cubeide_1.6.0/stm32cubeide/plugins/com.st.stm32cube.ide.mcu.externaltools.gnu-tools-for-stm32.9-2020-q2-update.win32_1.5.0.202011040924/tools/bin/../lib/gcc/arm-none-eabi/9.3.1/thumb/v7e-m+fp/hard\libgcc.a(_udivmoddi4.o)
                              d:/programi/st/stm32cubeide_1.6.0/stm32cubeide/plugins/com.st.stm32cube.ide.mcu.externaltools.gnu-tools-for-stm32.9-2020-q2-update.win32_1.5.0.202011040924/tools/bin/../lib/gcc/arm-none-eabi/9.3.1/thumb/v7e-m+fp/hard\libgcc.a(_aeabi_uldivmod.o) (__udivmoddi4)
d:/programi/st/stm32cubeide_1.6.0/stm32cubeide/plugins/com.st.stm32cube.ide.mcu.externaltools.gnu-tools-for-stm32.9-2020-q2-update.win32_1.5.0.202011040924/tools/bin/../lib/gcc/arm-none-eabi/9.3.1/thumb/v7e-m+fp/hard\libgcc.a(_dvmd_tls.o)
                              d:/programi/st/stm32cubeide_1.6.0/stm32cubeide/plugins/com.st.stm32cube.ide.mcu.externaltools.gnu-tools-for-stm32.9-2020-q2-update.win32_1.5.0.202011040924/tools/bin/../lib/gcc/arm-none-eabi/9.3.1/thumb/v7e-m+fp/hard\libgcc.a(_aeabi_uldivmod.o) (__aeabi_ldiv0)

Allocating common symbols
Common symbol       size              file

hUsbDeviceFS        0x2d0             USB_DEVICE/App/usb_device.o
hi2c1               0x54              Core/Src/main.o
hpcd_USB_OTG_FS     0x408             USB_DEVICE/Target/usbd_conf.o
uwTick              0x4               Drivers/STM32F4xx_HAL_Driver/Src/stm32f4xx_hal.o
pFlash              0x20              Drivers/STM32F4xx_HAL_Driver/Src/stm32f4xx_hal_flash.o
UserRxBufferFS      0x800             USB_DEVICE/App/usbd_cdc_if.o
UserTxBufferFS      0x800             USB_DEVICE/App/usbd_cdc_if.o
hspi1               0x58              Core/Src/main.o
htim2               0x48              Core/Src/main.o
USBD_StrDesc        0x200             USB_DEVICE/App/usbd_desc.o
hi2s3               0x48              Core/Src/main.o

Discarded input sections

[...]
Memory Configuration

Name             Origin             Length             Attributes
CCMRAM           0x0000000010000000 0x0000000000010000 xrw
RAM              0x0000000020000000 0x0000000000020000 xrw
FLASH            0x0000000008000000 0x0000000000100000 xr
*default*        0x0000000000000000 0xffffffffffffffff

Linker script and memory map

LOAD d:/programi/st/stm32cubeide_1.6.0/stm32cubeide/plugins/com.st.stm32cube.ide.mcu.externaltools.gnu-tools-for-stm32.9-2020-q2-update.win32_1.5.0.202011040924/tools/bin/../lib/gcc/arm-none-eabi/9.3.1/thumb/v7e-m+fp/hard/crti.o
LOAD d:/programi/st/stm32cubeide_1.6.0/stm32cubeide/plugins/com.st.stm32cube.ide.mcu.externaltools.gnu-tools-for-stm32.9-2020-q2-update.win32_1.5.0.202011040924/tools/bin/../lib/gcc/arm-none-eabi/9.3.1/thumb/v7e-m+fp/hard/crtbegin.o
LOAD d:/programi/st/stm32cubeide_1.6.0/stm32cubeide/plugins/com.st.stm32cube.ide.mcu.externaltools.gnu-tools-for-stm32.9-2020-q2-update.win32_1.5.0.202011040924/tools/bin/../lib/gcc/arm-none-eabi/9.3.1/../../../../arm-none-eabi/lib/thumb/v7e-m+fp/hard/crt0.o
LOAD Core/Src/main.o
LOAD Core/Src/stm32f4xx_hal_msp.o
LOAD Core/Src/stm32f4xx_it.o
LOAD Core/Src/syscalls.o
LOAD Core/Src/sysmem.o
LOAD Core/Src/system_stm32f4xx.o
LOAD Core/Startup/startup_stm32f407vgtx.o
LOAD Drivers/STM32F4xx_HAL_Driver/Src/stm32f4xx_hal.o
LOAD Drivers/STM32F4xx_HAL_Driver/Src/stm32f4xx_hal_cortex.o
LOAD Drivers/STM32F4xx_HAL_Driver/Src/stm32f4xx_hal_dma.o
LOAD Drivers/STM32F4xx_HAL_Driver/Src/stm32f4xx_hal_dma_ex.o
LOAD Drivers/STM32F4xx_HAL_Driver/Src/stm32f4xx_hal_exti.o
LOAD Drivers/STM32F4xx_HAL_Driver/Src/stm32f4xx_hal_flash.o
LOAD Drivers/STM32F4xx_HAL_Driver/Src/stm32f4xx_hal_flash_ex.o
LOAD Drivers/STM32F4xx_HAL_Driver/Src/stm32f4xx_hal_flash_ramfunc.o
LOAD Drivers/STM32F4xx_HAL_Driver/Src/stm32f4xx_hal_gpio.o
LOAD Drivers/STM32F4xx_HAL_Driver/Src/stm32f4xx_hal_i2c.o
LOAD Drivers/STM32F4xx_HAL_Driver/Src/stm32f4xx_hal_i2c_ex.o
LOAD Drivers/STM32F4xx_HAL_Driver/Src/stm32f4xx_hal_i2s.o
LOAD Drivers/STM32F4xx_HAL_Driver/Src/stm32f4xx_hal_i2s_ex.o
LOAD Drivers/STM32F4xx_HAL_Driver/Src/stm32f4xx_hal_pcd.o
LOAD Drivers/STM32F4xx_HAL_Driver/Src/stm32f4xx_hal_pcd_ex.o
LOAD Drivers/STM32F4xx_HAL_Driver/Src/stm32f4xx_hal_pwr.o
LOAD Drivers/STM32F4xx_HAL_Driver/Src/stm32f4xx_hal_pwr_ex.o
LOAD Drivers/STM32F4xx_HAL_Driver/Src/stm32f4xx_hal_rcc.o
LOAD Drivers/STM32F4xx_HAL_Driver/Src/stm32f4xx_hal_rcc_ex.o
LOAD Drivers/STM32F4xx_HAL_Driver/Src/stm32f4xx_hal_spi.o
LOAD Drivers/STM32F4xx_HAL_Driver/Src/stm32f4xx_hal_tim.o
LOAD Drivers/STM32F4xx_HAL_Driver/Src/stm32f4xx_hal_tim_ex.o
LOAD Drivers/STM32F4xx_HAL_Driver/Src/stm32f4xx_ll_usb.o
LOAD Middlewares/ST/STM32_USB_Device_Library/Class/CDC/Src/usbd_cdc.o
LOAD Middlewares/ST/STM32_USB_Device_Library/Core/Src/usbd_core.o
LOAD Middlewares/ST/STM32_USB_Device_Library/Core/Src/usbd_ctlreq.o
LOAD Middlewares/ST/STM32_USB_Device_Library/Core/Src/usbd_ioreq.o
LOAD USB_DEVICE/App/usb_device.o
LOAD USB_DEVICE/App/usbd_cdc_if.o
LOAD USB_DEVICE/App/usbd_desc.o
LOAD USB_DEVICE/Target/usbd_conf.o
START GROUP
LOAD d:/programi/st/stm32cubeide_1.6.0/stm32cubeide/plugins/com.st.stm32cube.ide.mcu.externaltools.gnu-tools-for-stm32.9-2020-q2-update.win32_1.5.0.202011040924/tools/bin/../lib/gcc/arm-none-eabi/9.3.1/../../../../arm-none-eabi/lib/thumb/v7e-m+fp/hard\libc_nano.a
LOAD d:/programi/st/stm32cubeide_1.6.0/stm32cubeide/plugins/com.st.stm32cube.ide.mcu.externaltools.gnu-tools-for-stm32.9-2020-q2-update.win32_1.5.0.202011040924/tools/bin/../lib/gcc/arm-none-eabi/9.3.1/../../../../arm-none-eabi/lib/thumb/v7e-m+fp/hard\libm.a
END GROUP
START GROUP
LOAD d:/programi/st/stm32cubeide_1.6.0/stm32cubeide/plugins/com.st.stm32cube.ide.mcu.externaltools.gnu-tools-for-stm32.9-2020-q2-update.win32_1.5.0.202011040924/tools/bin/../lib/gcc/arm-none-eabi/9.3.1/thumb/v7e-m+fp/hard\libgcc.a
LOAD d:/programi/st/stm32cubeide_1.6.0/stm32cubeide/plugins/com.st.stm32cube.ide.mcu.externaltools.gnu-tools-for-stm32.9-2020-q2-update.win32_1.5.0.202011040924/tools/bin/../lib/gcc/arm-none-eabi/9.3.1/../../../../arm-none-eabi/lib/thumb/v7e-m+fp/hard\libc_nano.a
END GROUP
START GROUP
LOAD d:/programi/st/stm32cubeide_1.6.0/stm32cubeide/plugins/com.st.stm32cube.ide.mcu.externaltools.gnu-tools-for-stm32.9-2020-q2-update.win32_1.5.0.202011040924/tools/bin/../lib/gcc/arm-none-eabi/9.3.1/thumb/v7e-m+fp/hard\libgcc.a
LOAD d:/programi/st/stm32cubeide_1.6.0/stm32cubeide/plugins/com.st.stm32cube.ide.mcu.externaltools.gnu-tools-for-stm32.9-2020-q2-update.win32_1.5.0.202011040924/tools/bin/../lib/gcc/arm-none-eabi/9.3.1/../../../../arm-none-eabi/lib/thumb/v7e-m+fp/hard\libc_nano.a
LOAD d:/programi/st/stm32cubeide_1.6.0/stm32cubeide/plugins/com.st.stm32cube.ide.mcu.externaltools.gnu-tools-for-stm32.9-2020-q2-update.win32_1.5.0.202011040924/tools/bin/../lib/gcc/arm-none-eabi/9.3.1/../../../../arm-none-eabi/lib/thumb/v7e-m+fp/hard\libnosys.a
END GROUP
START GROUP
LOAD d:/programi/st/stm32cubeide_1.6.0/stm32cubeide/plugins/com.st.stm32cube.ide.mcu.externaltools.gnu-tools-for-stm32.9-2020-q2-update.win32_1.5.0.202011040924/tools/bin/../lib/gcc/arm-none-eabi/9.3.1/thumb/v7e-m+fp/hard\libgcc.a
LOAD d:/programi/st/stm32cubeide_1.6.0/stm32cubeide/plugins/com.st.stm32cube.ide.mcu.externaltools.gnu-tools-for-stm32.9-2020-q2-update.win32_1.5.0.202011040924/tools/bin/../lib/gcc/arm-none-eabi/9.3.1/../../../../arm-none-eabi/lib/thumb/v7e-m+fp/hard\libc_nano.a
LOAD d:/programi/st/stm32cubeide_1.6.0/stm32cubeide/plugins/com.st.stm32cube.ide.mcu.externaltools.gnu-tools-for-stm32.9-2020-q2-update.win32_1.5.0.202011040924/tools/bin/../lib/gcc/arm-none-eabi/9.3.1/../../../../arm-none-eabi/lib/thumb/v7e-m+fp/hard\libnosys.a
END GROUP
LOAD d:/programi/st/stm32cubeide_1.6.0/stm32cubeide/plugins/com.st.stm32cube.ide.mcu.externaltools.gnu-tools-for-stm32.9-2020-q2-update.win32_1.5.0.202011040924/tools/bin/../lib/gcc/arm-none-eabi/9.3.1/thumb/v7e-m+fp/hard/crtend.o
LOAD d:/programi/st/stm32cubeide_1.6.0/stm32cubeide/plugins/com.st.stm32cube.ide.mcu.externaltools.gnu-tools-for-stm32.9-2020-q2-update.win32_1.5.0.202011040924/tools/bin/../lib/gcc/arm-none-eabi/9.3.1/thumb/v7e-m+fp/hard/crtn.o
                0x0000000020020000                _estack = (ORIGIN (RAM) + LENGTH (RAM))
                0x0000000000000200                _Min_Heap_Size = 0x200
                0x0000000000000400                _Min_Stack_Size = 0x400

.isr_vector     0x0000000008000000      0x188
                0x0000000008000000                . = ALIGN (0x4)
 *(.isr_vector)
 .isr_vector    0x0000000008000000      0x188 Core/Startup/startup_stm32f407vgtx.o
                0x0000000008000000                g_pfnVectors
                0x0000000008000188                . = ALIGN (0x4)

.text           0x0000000008000188     0x8728
                0x0000000008000188                . = ALIGN (0x4)
 *(.text)
 .text          0x0000000008000188       0x40 d:/programi/st/stm32cubeide_1.6.0/stm32cubeide/plugins/com.st.stm32cube.ide.mcu.externaltools.gnu-tools-for-stm32.9-2020-q2-update.win32_1.5.0.202011040924/tools/bin/../lib/gcc/arm-none-eabi/9.3.1/thumb/v7e-m+fp/hard/crtbegin.o
 .text          0x00000000080001c8       0x30 d:/programi/st/stm32cubeide_1.6.0/stm32cubeide/plugins/com.st.stm32cube.ide.mcu.externaltools.gnu-tools-for-stm32.9-2020-q2-update.win32_1.5.0.202011040924/tools/bin/../lib/gcc/arm-none-eabi/9.3.1/thumb/v7e-m+fp/hard\libgcc.a(_aeabi_uldivmod.o)
                0x00000000080001c8                __aeabi_uldivmod
 .text          0x00000000080001f8      0x2c4 d:/programi/st/stm32cubeide_1.6.0/stm32cubeide/plugins/com.st.stm32cube.ide.mcu.externaltools.gnu-tools-for-stm32.9-2020-q2-update.win32_1.5.0.202011040924/tools/bin/../lib/gcc/arm-none-eabi/9.3.1/thumb/v7e-m+fp/hard\libgcc.a(_udivmoddi4.o)
                0x00000000080001f8                __udivmoddi4
 .text          0x00000000080004bc        0x4 d:/programi/st/stm32cubeide_1.6.0/stm32cubeide/plugins/com.st.stm32cube.ide.mcu.externaltools.gnu-tools-for-stm32.9-2020-q2-update.win32_1.5.0.202011040924/tools/bin/../lib/gcc/arm-none-eabi/9.3.1/thumb/v7e-m+fp/hard\libgcc.a(_dvmd_tls.o)
                0x00000000080004bc                __aeabi_idiv0
                0x00000000080004bc                __aeabi_ldiv0
 *(.text*)
 .text.playNote
                0x00000000080004c0       0x34 Core/Src/main.o
 .text.main     0x00000000080004f4      0x264 Core/Src/main.o
                0x00000000080004f4                main
 .text.SystemClock_Config
                0x0000000008000758      0x104 Core/Src/main.o
                0x0000000008000758                SystemClock_Config
 .text.MX_I2C1_Init
                0x000000000800085c       0x5c Core/Src/main.o
 .text.MX_I2S3_Init
                0x00000000080008b8       0x60 Core/Src/main.o
 .text.MX_SPI1_Init
                0x0000000008000918       0x6c Core/Src/main.o
 .text.MX_TIM2_Init
                0x0000000008000984       0xec Core/Src/main.o
 .text.MX_GPIO_Init
                0x0000000008000a70      0x208 Core/Src/main.o
 .text.Error_Handler
                0x0000000008000c78        0xa Core/Src/main.o
                0x0000000008000c78                Error_Handler
 *fill*         0x0000000008000c82        0x2 
 .text.HAL_MspInit
                0x0000000008000c84       0x50 Core/Src/stm32f4xx_hal_msp.o
                0x0000000008000c84                HAL_MspInit
 .text.HAL_I2C_MspInit
                0x0000000008000cd4       0x90 Core/Src/stm32f4xx_hal_msp.o
                0x0000000008000cd4                HAL_I2C_MspInit
 .text.HAL_I2S_MspInit
                0x0000000008000d64       0xd0 Core/Src/stm32f4xx_hal_msp.o
                0x0000000008000d64                HAL_I2S_MspInit
 .text.HAL_SPI_MspInit
                0x0000000008000e34       0x90 Core/Src/stm32f4xx_hal_msp.o
                0x0000000008000e34                HAL_SPI_MspInit
 .text.HAL_TIM_Base_MspInit
                0x0000000008000ec4       0x40 Core/Src/stm32f4xx_hal_msp.o
                0x0000000008000ec4                HAL_TIM_Base_MspInit
 .text.HAL_TIM_MspPostInit
                0x0000000008000f04       0x70 Core/Src/stm32f4xx_hal_msp.o
                0x0000000008000f04                HAL_TIM_MspPostInit
 .text.NMI_Handler
                0x0000000008000f74        0x6 Core/Src/stm32f4xx_it.o
                0x0000000008000f74                NMI_Handler
 .text.HardFault_Handler
                0x0000000008000f7a        0x6 Core/Src/stm32f4xx_it.o
                0x0000000008000f7a                HardFault_Handler
 .text.MemManage_Handler
                0x0000000008000f80        0x6 Core/Src/stm32f4xx_it.o
                0x0000000008000f80                MemManage_Handler
 .text.BusFault_Handler
                0x0000000008000f86        0x6 Core/Src/stm32f4xx_it.o
                0x0000000008000f86                BusFault_Handler
 .text.UsageFault_Handler
                0x0000000008000f8c        0x6 Core/Src/stm32f4xx_it.o
                0x0000000008000f8c                UsageFault_Handler
 .text.SVC_Handler
                0x0000000008000f92        0xe Core/Src/stm32f4xx_it.o
                0x0000000008000f92                SVC_Handler
 .text.DebugMon_Handler
                0x0000000008000fa0        0xe Core/Src/stm32f4xx_it.o
                0x0000000008000fa0                DebugMon_Handler
 .text.PendSV_Handler
                0x0000000008000fae        0xe Core/Src/stm32f4xx_it.o
                0x0000000008000fae                PendSV_Handler
 .text.SysTick_Handler
                0x0000000008000fbc        0xc Core/Src/stm32f4xx_it.o
                0x0000000008000fbc                SysTick_Handler
 .text.OTG_FS_IRQHandler
                0x0000000008000fc8       0x14 Core/Src/stm32f4xx_it.o
                0x0000000008000fc8                OTG_FS_IRQHandler
 .text.SystemInit
                0x0000000008000fdc       0x24 Core/Src/system_stm32f4xx.o
                0x0000000008000fdc                SystemInit
 .text.Reset_Handler
                0x0000000008001000       0x50 Core/Startup/startup_stm32f407vgtx.o
                0x0000000008001000                Reset_Handler
 .text.Default_Handler
                0x0000000008001050        0x2 Core/Startup/startup_stm32f407vgtx.o
                0x0000000008001050                RTC_Alarm_IRQHandler
                0x0000000008001050                HASH_RNG_IRQHandler
                0x0000000008001050                EXTI2_IRQHandler
                0x0000000008001050                TIM8_CC_IRQHandler
                0x0000000008001050                TIM1_CC_IRQHandler
                0x0000000008001050                DMA2_Stream5_IRQHandler
                0x0000000008001050                DMA1_Stream5_IRQHandler
                0x0000000008001050                PVD_IRQHandler
                0x0000000008001050                SDIO_IRQHandler
                0x0000000008001050                TAMP_STAMP_IRQHandler
                0x0000000008001050                CAN2_RX1_IRQHandler
                0x0000000008001050                EXTI3_IRQHandler
                0x0000000008001050                TIM8_TRG_COM_TIM14_IRQHandler
                0x0000000008001050                TIM1_UP_TIM10_IRQHandler
                0x0000000008001050                TIM8_UP_TIM13_IRQHandler
                0x0000000008001050                I2C3_ER_IRQHandler
                0x0000000008001050                EXTI0_IRQHandler
                0x0000000008001050                I2C2_EV_IRQHandler
                0x0000000008001050                DMA1_Stream2_IRQHandler
                0x0000000008001050                CAN1_RX0_IRQHandler
                0x0000000008001050                FPU_IRQHandler
                0x0000000008001050                OTG_HS_WKUP_IRQHandler
                0x0000000008001050                CAN2_SCE_IRQHandler
                0x0000000008001050                DMA2_Stream2_IRQHandler
                0x0000000008001050                SPI1_IRQHandler
                0x0000000008001050                TIM6_DAC_IRQHandler
                0x0000000008001050                TIM1_BRK_TIM9_IRQHandler
                0x0000000008001050                DCMI_IRQHandler
                0x0000000008001050                CAN2_RX0_IRQHandler
                0x0000000008001050                DMA2_Stream3_IRQHandler
                0x0000000008001050                USART6_IRQHandler
                0x0000000008001050                USART3_IRQHandler
                0x0000000008001050                CAN1_RX1_IRQHandler
                0x0000000008001050                UART5_IRQHandler
                0x0000000008001050                DMA2_Stream0_IRQHandler
                0x0000000008001050                TIM4_IRQHandler
                0x0000000008001050                I2C1_EV_IRQHandler
                0x0000000008001050                DMA1_Stream6_IRQHandler
                0x0000000008001050                DMA1_Stream1_IRQHandler
                0x0000000008001050                UART4_IRQHandler
                0x0000000008001050                TIM3_IRQHandler
                0x0000000008001050                RCC_IRQHandler
                0x0000000008001050                TIM8_BRK_TIM12_IRQHandler
                0x0000000008001050                Default_Handler
                0x0000000008001050                EXTI15_10_IRQHandler
                0x0000000008001050                ADC_IRQHandler
                0x0000000008001050                DMA1_Stream7_IRQHandler
                0x0000000008001050                TIM7_IRQHandler
                0x0000000008001050                CAN2_TX_IRQHandler
                0x0000000008001050                TIM5_IRQHandler
                0x0000000008001050                DMA2_Stream7_IRQHandler
                0x0000000008001050                I2C3_EV_IRQHandler
                0x0000000008001050                EXTI9_5_IRQHandler
                0x0000000008001050                RTC_WKUP_IRQHandler
                0x0000000008001050                ETH_WKUP_IRQHandler
                0x0000000008001050                SPI2_IRQHandler
                0x0000000008001050                OTG_HS_EP1_IN_IRQHandler
                0x0000000008001050                DMA1_Stream0_IRQHandler
                0x0000000008001050                CAN1_TX_IRQHandler
                0x0000000008001050                EXTI4_IRQHandler
                0x0000000008001050                FSMC_IRQHandler
                0x0000000008001050                ETH_IRQHandler
                0x0000000008001050                OTG_HS_EP1_OUT_IRQHandler
                0x0000000008001050                WWDG_IRQHandler
                0x0000000008001050                TIM2_IRQHandler
                0x0000000008001050                OTG_FS_WKUP_IRQHandler
                0x0000000008001050                TIM1_TRG_COM_TIM11_IRQHandler
                0x0000000008001050                OTG_HS_IRQHandler
                0x0000000008001050                EXTI1_IRQHandler
                0x0000000008001050                USART2_IRQHandler
                0x0000000008001050                I2C2_ER_IRQHandler
                0x0000000008001050                DMA2_Stream1_IRQHandler
                0x0000000008001050                CAN1_SCE_IRQHandler
                0x0000000008001050                FLASH_IRQHandler
                0x0000000008001050                DMA2_Stream4_IRQHandler
                0x0000000008001050                USART1_IRQHandler
                0x0000000008001050                SPI3_IRQHandler
                0x0000000008001050                DMA1_Stream4_IRQHandler
                0x0000000008001050                I2C1_ER_IRQHandler
                0x0000000008001050                DMA2_Stream6_IRQHandler
                0x0000000008001050                DMA1_Stream3_IRQHandler
 *fill*         0x0000000008001052        0x2 
 .text.HAL_Init
                0x0000000008001054       0x44 Drivers/STM32F4xx_HAL_Driver/Src/stm32f4xx_hal.o
                0x0000000008001054                HAL_Init
 .text.HAL_InitTick
                0x0000000008001098       0x60 Drivers/STM32F4xx_HAL_Driver/Src/stm32f4xx_hal.o
                0x0000000008001098                HAL_InitTick
 .text.HAL_IncTick
                0x00000000080010f8       0x28 Drivers/STM32F4xx_HAL_Driver/Src/stm32f4xx_hal.o
                0x00000000080010f8                HAL_IncTick
 .text.HAL_GetTick
                0x0000000008001120       0x18 Drivers/STM32F4xx_HAL_Driver/Src/stm32f4xx_hal.o
                0x0000000008001120                HAL_GetTick
 .text.HAL_Delay
                0x0000000008001138       0x48 Drivers/STM32F4xx_HAL_Driver/Src/stm32f4xx_hal.o
                0x0000000008001138                HAL_Delay
 .text.__NVIC_SetPriorityGrouping
                0x0000000008001180       0x48 Drivers/STM32F4xx_HAL_Driver/Src/stm32f4xx_hal_cortex.o
 .text.__NVIC_GetPriorityGrouping
                0x00000000080011c8       0x1c Drivers/STM32F4xx_HAL_Driver/Src/stm32f4xx_hal_cortex.o
 .text.__NVIC_EnableIRQ
                0x00000000080011e4       0x3c Drivers/STM32F4xx_HAL_Driver/Src/stm32f4xx_hal_cortex.o
 .text.__NVIC_SetPriority
                0x0000000008001220       0x54 Drivers/STM32F4xx_HAL_Driver/Src/stm32f4xx_hal_cortex.o
 .text.NVIC_EncodePriority
                0x0000000008001274       0x66 Drivers/STM32F4xx_HAL_Driver/Src/stm32f4xx_hal_cortex.o
 *fill*         0x00000000080012da        0x2 
 .text.SysTick_Config
                0x00000000080012dc       0x44 Drivers/STM32F4xx_HAL_Driver/Src/stm32f4xx_hal_cortex.o
 .text.HAL_NVIC_SetPriorityGrouping
                0x0000000008001320       0x16 Drivers/STM32F4xx_HAL_Driver/Src/stm32f4xx_hal_cortex.o
                0x0000000008001320                HAL_NVIC_SetPriorityGrouping
 .text.HAL_NVIC_SetPriority
                0x0000000008001336       0x38 Drivers/STM32F4xx_HAL_Driver/Src/stm32f4xx_hal_cortex.o
                0x0000000008001336                HAL_NVIC_SetPriority
 .text.HAL_NVIC_EnableIRQ
                0x000000000800136e       0x1c Drivers/STM32F4xx_HAL_Driver/Src/stm32f4xx_hal_cortex.o
                0x000000000800136e                HAL_NVIC_EnableIRQ
 .text.HAL_SYSTICK_Config
                0x000000000800138a       0x18 Drivers/STM32F4xx_HAL_Driver/Src/stm32f4xx_hal_cortex.o
                0x000000000800138a                HAL_SYSTICK_Config
 *fill*         0x00000000080013a2        0x2 
 .text.HAL_GPIO_Init
                0x00000000080013a4      0x338 Drivers/STM32F4xx_HAL_Driver/Src/stm32f4xx_hal_gpio.o
                0x00000000080013a4                HAL_GPIO_Init
 .text.HAL_GPIO_WritePin
                0x00000000080016dc       0x32 Drivers/STM32F4xx_HAL_Driver/Src/stm32f4xx_hal_gpio.o
                0x00000000080016dc                HAL_GPIO_WritePin
 *fill*         0x000000000800170e        0x2 
 .text.HAL_I2C_Init
                0x0000000008001710      0x288 Drivers/STM32F4xx_HAL_Driver/Src/stm32f4xx_hal_i2c.o
                0x0000000008001710                HAL_I2C_Init
 .text.HAL_I2S_Init
                0x0000000008001998      0x280 Drivers/STM32F4xx_HAL_Driver/Src/stm32f4xx_hal_i2s.o
                0x0000000008001998                HAL_I2S_Init
 .text.HAL_I2S_TxCpltCallback
                0x0000000008001c18       0x14 Drivers/STM32F4xx_HAL_Driver/Src/stm32f4xx_hal_i2s.o
                0x0000000008001c18                HAL_I2S_TxCpltCallback
 .text.HAL_I2S_RxCpltCallback
                0x0000000008001c2c       0x14 Drivers/STM32F4xx_HAL_Driver/Src/stm32f4xx_hal_i2s.o
                0x0000000008001c2c                HAL_I2S_RxCpltCallback
 .text.HAL_I2S_ErrorCallback
                0x0000000008001c40       0x14 Drivers/STM32F4xx_HAL_Driver/Src/stm32f4xx_hal_i2s.o
                0x0000000008001c40                HAL_I2S_ErrorCallback
 .text.I2S_Transmit_IT
                0x0000000008001c54       0x5c Drivers/STM32F4xx_HAL_Driver/Src/stm32f4xx_hal_i2s.o
 .text.I2S_Receive_IT
                0x0000000008001cb0       0x5e Drivers/STM32F4xx_HAL_Driver/Src/stm32f4xx_hal_i2s.o
 .text.I2S_IRQHandler
                0x0000000008001d0e      0x114 Drivers/STM32F4xx_HAL_Driver/Src/stm32f4xx_hal_i2s.o
 *fill*         0x0000000008001e22        0x2 
 .text.HAL_I2SEx_FullDuplex_IRQHandler
                0x0000000008001e24      0x2a8 Drivers/STM32F4xx_HAL_Driver/Src/stm32f4xx_hal_i2s_ex.o
                0x0000000008001e24                HAL_I2SEx_FullDuplex_IRQHandler
 .text.HAL_I2SEx_TxRxCpltCallback
                0x00000000080020cc       0x14 Drivers/STM32F4xx_HAL_Driver/Src/stm32f4xx_hal_i2s_ex.o
                0x00000000080020cc                HAL_I2SEx_TxRxCpltCallback
 .text.I2SEx_TxISR_I2S
                0x00000000080020e0       0x62 Drivers/STM32F4xx_HAL_Driver/Src/stm32f4xx_hal_i2s_ex.o
 *fill*         0x0000000008002142        0x2 
 .text.I2SEx_TxISR_I2SExt
                0x0000000008002144       0x98 Drivers/STM32F4xx_HAL_Driver/Src/stm32f4xx_hal_i2s_ex.o
 .text.I2SEx_RxISR_I2S
                0x00000000080021dc       0x64 Drivers/STM32F4xx_HAL_Driver/Src/stm32f4xx_hal_i2s_ex.o
 .text.I2SEx_RxISR_I2SExt
                0x0000000008002240       0x98 Drivers/STM32F4xx_HAL_Driver/Src/stm32f4xx_hal_i2s_ex.o
 .text.HAL_PCD_Init
                0x00000000080022d8      0x23a Drivers/STM32F4xx_HAL_Driver/Src/stm32f4xx_hal_pcd.o
                0x00000000080022d8                HAL_PCD_Init
 .text.HAL_PCD_Start
                0x0000000008002512       0x66 Drivers/STM32F4xx_HAL_Driver/Src/stm32f4xx_hal_pcd.o
                0x0000000008002512                HAL_PCD_Start
 .text.HAL_PCD_IRQHandler
                0x0000000008002578      0x764 Drivers/STM32F4xx_HAL_Driver/Src/stm32f4xx_hal_pcd.o
                0x0000000008002578                HAL_PCD_IRQHandler
 .text.HAL_PCD_SetAddress
                0x0000000008002cdc       0x4a Drivers/STM32F4xx_HAL_Driver/Src/stm32f4xx_hal_pcd.o
                0x0000000008002cdc                HAL_PCD_SetAddress
 .text.HAL_PCD_EP_Open
                0x0000000008002d26       0xd0 Drivers/STM32F4xx_HAL_Driver/Src/stm32f4xx_hal_pcd.o
                0x0000000008002d26                HAL_PCD_EP_Open
 .text.HAL_PCD_EP_Close
                0x0000000008002df6       0x94 Drivers/STM32F4xx_HAL_Driver/Src/stm32f4xx_hal_pcd.o
                0x0000000008002df6                HAL_PCD_EP_Close
 .text.HAL_PCD_EP_Receive
                0x0000000008002e8a       0x96 Drivers/STM32F4xx_HAL_Driver/Src/stm32f4xx_hal_pcd.o
                0x0000000008002e8a                HAL_PCD_EP_Receive
 .text.HAL_PCD_EP_GetRxCount
                0x0000000008002f20       0x30 Drivers/STM32F4xx_HAL_Driver/Src/stm32f4xx_hal_pcd.o
                0x0000000008002f20                HAL_PCD_EP_GetRxCount
 .text.HAL_PCD_EP_Transmit
                0x0000000008002f50       0x94 Drivers/STM32F4xx_HAL_Driver/Src/stm32f4xx_hal_pcd.o
                0x0000000008002f50                HAL_PCD_EP_Transmit
 .text.HAL_PCD_EP_SetStall
                0x0000000008002fe4       0xc8 Drivers/STM32F4xx_HAL_Driver/Src/stm32f4xx_hal_pcd.o
                0x0000000008002fe4                HAL_PCD_EP_SetStall
 .text.HAL_PCD_EP_ClrStall
                0x00000000080030ac       0xac Drivers/STM32F4xx_HAL_Driver/Src/stm32f4xx_hal_pcd.o
                0x00000000080030ac                HAL_PCD_EP_ClrStall
 .text.PCD_WriteEmptyTxFifo
                0x0000000008003158      0x11a Drivers/STM32F4xx_HAL_Driver/Src/stm32f4xx_hal_pcd.o
 *fill*         0x0000000008003272        0x2 
 .text.PCD_EP_OutXfrComplete_int
                0x0000000008003274      0x218 Drivers/STM32F4xx_HAL_Driver/Src/stm32f4xx_hal_pcd.o
 .text.PCD_EP_OutSetupPacket_int
                0x000000000800348c       0x8c Drivers/STM32F4xx_HAL_Driver/Src/stm32f4xx_hal_pcd.o
 .text.HAL_PCDEx_SetTxFiFo
                0x0000000008003518       0x8e Drivers/STM32F4xx_HAL_Driver/Src/stm32f4xx_hal_pcd_ex.o
                0x0000000008003518                HAL_PCDEx_SetTxFiFo
 .text.HAL_PCDEx_SetRxFiFo
                0x00000000080035a6       0x22 Drivers/STM32F4xx_HAL_Driver/Src/stm32f4xx_hal_pcd_ex.o
                0x00000000080035a6                HAL_PCDEx_SetRxFiFo
 .text.HAL_PCDEx_LPM_Callback
                0x00000000080035c8       0x18 Drivers/STM32F4xx_HAL_Driver/Src/stm32f4xx_hal_pcd_ex.o
                0x00000000080035c8                HAL_PCDEx_LPM_Callback
 .text.HAL_RCC_OscConfig
                0x00000000080035e0      0x4f0 Drivers/STM32F4xx_HAL_Driver/Src/stm32f4xx_hal_rcc.o
                0x00000000080035e0                HAL_RCC_OscConfig
 .text.HAL_RCC_ClockConfig
                0x0000000008003ad0      0x1cc Drivers/STM32F4xx_HAL_Driver/Src/stm32f4xx_hal_rcc.o
                0x0000000008003ad0                HAL_RCC_ClockConfig
 .text.HAL_RCC_GetSysClockFreq
                0x0000000008003c9c      0x1c4 Drivers/STM32F4xx_HAL_Driver/Src/stm32f4xx_hal_rcc.o
                0x0000000008003c9c                HAL_RCC_GetSysClockFreq
 .text.HAL_RCC_GetHCLKFreq
                0x0000000008003e60       0x18 Drivers/STM32F4xx_HAL_Driver/Src/stm32f4xx_hal_rcc.o
                0x0000000008003e60                HAL_RCC_GetHCLKFreq
 .text.HAL_RCC_GetPCLK1Freq
                0x0000000008003e78       0x28 Drivers/STM32F4xx_HAL_Driver/Src/stm32f4xx_hal_rcc.o
                0x0000000008003e78                HAL_RCC_GetPCLK1Freq
 .text.HAL_RCCEx_PeriphCLKConfig
                0x0000000008003ea0      0x1c4 Drivers/STM32F4xx_HAL_Driver/Src/stm32f4xx_hal_rcc_ex.o
                0x0000000008003ea0                HAL_RCCEx_PeriphCLKConfig
 .text.HAL_RCCEx_GetPeriphCLKFreq
                0x0000000008004064       0xbc Drivers/STM32F4xx_HAL_Driver/Src/stm32f4xx_hal_rcc_ex.o
                0x0000000008004064                HAL_RCCEx_GetPeriphCLKFreq
 .text.HAL_SPI_Init
                0x0000000008004120      0x112 Drivers/STM32F4xx_HAL_Driver/Src/stm32f4xx_hal_spi.o
                0x0000000008004120                HAL_SPI_Init
 .text.HAL_TIM_Base_Init
                0x0000000008004232       0x9e Drivers/STM32F4xx_HAL_Driver/Src/stm32f4xx_hal_tim.o
                0x0000000008004232                HAL_TIM_Base_Init
 .text.HAL_TIM_PWM_Init
                0x00000000080042d0       0x9e Drivers/STM32F4xx_HAL_Driver/Src/stm32f4xx_hal_tim.o
                0x00000000080042d0                HAL_TIM_PWM_Init
 .text.HAL_TIM_PWM_MspInit
                0x000000000800436e       0x14 Drivers/STM32F4xx_HAL_Driver/Src/stm32f4xx_hal_tim.o
                0x000000000800436e                HAL_TIM_PWM_MspInit
 *fill*         0x0000000008004382        0x2 
 .text.HAL_TIM_PWM_Start
                0x0000000008004384      0x190 Drivers/STM32F4xx_HAL_Driver/Src/stm32f4xx_hal_tim.o
                0x0000000008004384                HAL_TIM_PWM_Start
 .text.HAL_TIM_PWM_ConfigChannel
                0x0000000008004514      0x17c Drivers/STM32F4xx_HAL_Driver/Src/stm32f4xx_hal_tim.o
                0x0000000008004514                HAL_TIM_PWM_ConfigChannel
 .text.HAL_TIM_ConfigClockSource
                0x0000000008004690      0x188 Drivers/STM32F4xx_HAL_Driver/Src/stm32f4xx_hal_tim.o
                0x0000000008004690                HAL_TIM_ConfigClockSource
 .text.TIM_Base_SetConfig
                0x0000000008004818      0x140 Drivers/STM32F4xx_HAL_Driver/Src/stm32f4xx_hal_tim.o
                0x0000000008004818                TIM_Base_SetConfig
 .text.TIM_OC1_SetConfig
                0x0000000008004958       0xe0 Drivers/STM32F4xx_HAL_Driver/Src/stm32f4xx_hal_tim.o
 .text.TIM_OC2_SetConfig
                0x0000000008004a38       0xec Drivers/STM32F4xx_HAL_Driver/Src/stm32f4xx_hal_tim.o
                0x0000000008004a38                TIM_OC2_SetConfig
 .text.TIM_OC3_SetConfig
                0x0000000008004b24       0xe8 Drivers/STM32F4xx_HAL_Driver/Src/stm32f4xx_hal_tim.o
 .text.TIM_OC4_SetConfig
                0x0000000008004c0c       0xac Drivers/STM32F4xx_HAL_Driver/Src/stm32f4xx_hal_tim.o
 .text.TIM_TI1_ConfigInputStage
                0x0000000008004cb8       0x5e Drivers/STM32F4xx_HAL_Driver/Src/stm32f4xx_hal_tim.o
 .text.TIM_TI2_ConfigInputStage
                0x0000000008004d16       0x60 Drivers/STM32F4xx_HAL_Driver/Src/stm32f4xx_hal_tim.o
 .text.TIM_ITRx_SetConfig
                0x0000000008004d76       0x36 Drivers/STM32F4xx_HAL_Driver/Src/stm32f4xx_hal_tim.o
 .text.TIM_ETR_SetConfig
                0x0000000008004dac       0x40 Drivers/STM32F4xx_HAL_Driver/Src/stm32f4xx_hal_tim.o
                0x0000000008004dac                TIM_ETR_SetConfig
 .text.TIM_CCxChannelCmd
                0x0000000008004dec       0x4a Drivers/STM32F4xx_HAL_Driver/Src/stm32f4xx_hal_tim.o
                0x0000000008004dec                TIM_CCxChannelCmd
 *fill*         0x0000000008004e36        0x2 
 .text.HAL_TIMEx_MasterConfigSynchronization
                0x0000000008004e38       0xf8 Drivers/STM32F4xx_HAL_Driver/Src/stm32f4xx_hal_tim_ex.o
                0x0000000008004e38                HAL_TIMEx_MasterConfigSynchronization
 .text.USB_CoreInit
                0x0000000008004f30       0xc2 Drivers/STM32F4xx_HAL_Driver/Src/stm32f4xx_ll_usb.o
                0x0000000008004f30                USB_CoreInit
 *fill*         0x0000000008004ff2        0x2 
 .text.USB_SetTurnaroundTime
                0x0000000008004ff4      0x144 Drivers/STM32F4xx_HAL_Driver/Src/stm32f4xx_ll_usb.o
                0x0000000008004ff4                USB_SetTurnaroundTime
 .text.USB_EnableGlobalInt
                0x0000000008005138       0x22 Drivers/STM32F4xx_HAL_Driver/Src/stm32f4xx_ll_usb.o
                0x0000000008005138                USB_EnableGlobalInt
 .text.USB_DisableGlobalInt
                0x000000000800515a       0x22 Drivers/STM32F4xx_HAL_Driver/Src/stm32f4xx_ll_usb.o
                0x000000000800515a                USB_DisableGlobalInt
 .text.USB_SetCurrentMode
                0x000000000800517c       0x54 Drivers/STM32F4xx_HAL_Driver/Src/stm32f4xx_ll_usb.o
                0x000000000800517c                USB_SetCurrentMode
 .text.USB_DevInit
                0x00000000080051d0      0x2c8 Drivers/STM32F4xx_HAL_Driver/Src/stm32f4xx_ll_usb.o
                0x00000000080051d0                USB_DevInit
 .text.USB_FlushTxFifo
                0x0000000008005498       0x4c Drivers/STM32F4xx_HAL_Driver/Src/stm32f4xx_ll_usb.o
                0x0000000008005498                USB_FlushTxFifo
 .text.USB_FlushRxFifo
                0x00000000080054e4       0x44 Drivers/STM32F4xx_HAL_Driver/Src/stm32f4xx_ll_usb.o
                0x00000000080054e4                USB_FlushRxFifo
 .text.USB_SetDevSpeed
                0x0000000008005528       0x32 Drivers/STM32F4xx_HAL_Driver/Src/stm32f4xx_ll_usb.o
                0x0000000008005528                USB_SetDevSpeed
 .text.USB_GetDevSpeed
                0x000000000800555a       0x4a Drivers/STM32F4xx_HAL_Driver/Src/stm32f4xx_ll_usb.o
                0x000000000800555a                USB_GetDevSpeed
 .text.USB_ActivateEndpoint
                0x00000000080055a4      0x10e Drivers/STM32F4xx_HAL_Driver/Src/stm32f4xx_ll_usb.o
                0x00000000080055a4                USB_ActivateEndpoint
 *fill*         0x00000000080056b2        0x2 
 .text.USB_DeactivateEndpoint
                0x00000000080056b4      0x1b8 Drivers/STM32F4xx_HAL_Driver/Src/stm32f4xx_ll_usb.o
                0x00000000080056b4                USB_DeactivateEndpoint
 .text.USB_EPStartXfer
                0x000000000800586c      0x488 Drivers/STM32F4xx_HAL_Driver/Src/stm32f4xx_ll_usb.o
                0x000000000800586c                USB_EPStartXfer
 .text.USB_EP0StartXfer
                0x0000000008005cf4      0x2a6 Drivers/STM32F4xx_HAL_Driver/Src/stm32f4xx_ll_usb.o
                0x0000000008005cf4                USB_EP0StartXfer
 .text.USB_WritePacket
                0x0000000008005f9a       0x6a Drivers/STM32F4xx_HAL_Driver/Src/stm32f4xx_ll_usb.o
                0x0000000008005f9a                USB_WritePacket
 .text.USB_ReadPacket
                0x0000000008006004       0x52 Drivers/STM32F4xx_HAL_Driver/Src/stm32f4xx_ll_usb.o
                0x0000000008006004                USB_ReadPacket
 .text.USB_EPSetStall
                0x0000000008006056       0xdc Drivers/STM32F4xx_HAL_Driver/Src/stm32f4xx_ll_usb.o
                0x0000000008006056                USB_EPSetStall
 .text.USB_EPClearStall
                0x0000000008006132       0xcc Drivers/STM32F4xx_HAL_Driver/Src/stm32f4xx_ll_usb.o
                0x0000000008006132                USB_EPClearStall
 .text.USB_SetDevAddress
                0x00000000080061fe       0x4c Drivers/STM32F4xx_HAL_Driver/Src/stm32f4xx_ll_usb.o
                0x00000000080061fe                USB_SetDevAddress
 .text.USB_DevConnect
                0x000000000800624a       0x42 Drivers/STM32F4xx_HAL_Driver/Src/stm32f4xx_ll_usb.o
                0x000000000800624a                USB_DevConnect
 .text.USB_DevDisconnect
                0x000000000800628c       0x42 Drivers/STM32F4xx_HAL_Driver/Src/stm32f4xx_ll_usb.o
                0x000000000800628c                USB_DevDisconnect
 .text.USB_ReadInterrupts
                0x00000000080062ce       0x26 Drivers/STM32F4xx_HAL_Driver/Src/stm32f4xx_ll_usb.o
                0x00000000080062ce                USB_ReadInterrupts
 .text.USB_ReadDevAllOutEpInterrupt
                0x00000000080062f4       0x34 Drivers/STM32F4xx_HAL_Driver/Src/stm32f4xx_ll_usb.o
                0x00000000080062f4                USB_ReadDevAllOutEpInterrupt
 .text.USB_ReadDevAllInEpInterrupt
                0x0000000008006328       0x34 Drivers/STM32F4xx_HAL_Driver/Src/stm32f4xx_ll_usb.o
                0x0000000008006328                USB_ReadDevAllInEpInterrupt
 .text.USB_ReadDevOutEPInterrupt
                0x000000000800635c       0x3c Drivers/STM32F4xx_HAL_Driver/Src/stm32f4xx_ll_usb.o
                0x000000000800635c                USB_ReadDevOutEPInterrupt
 .text.USB_ReadDevInEPInterrupt
                0x0000000008006398       0x5c Drivers/STM32F4xx_HAL_Driver/Src/stm32f4xx_ll_usb.o
                0x0000000008006398                USB_ReadDevInEPInterrupt
 .text.USB_GetMode
                0x00000000080063f4       0x1c Drivers/STM32F4xx_HAL_Driver/Src/stm32f4xx_ll_usb.o
                0x00000000080063f4                USB_GetMode
 .text.USB_ActivateSetup
                0x0000000008006410       0x46 Drivers/STM32F4xx_HAL_Driver/Src/stm32f4xx_ll_usb.o
                0x0000000008006410                USB_ActivateSetup
 *fill*         0x0000000008006456        0x2 
 .text.USB_EP0_OutStart
                0x0000000008006458       0xbc Drivers/STM32F4xx_HAL_Driver/Src/stm32f4xx_ll_usb.o
                0x0000000008006458                USB_EP0_OutStart
 .text.USB_CoreReset
                0x0000000008006514       0x68 Drivers/STM32F4xx_HAL_Driver/Src/stm32f4xx_ll_usb.o
 .text.USBD_CDC_Init
                0x000000000800657c       0xfe Middlewares/ST/STM32_USB_Device_Library/Class/CDC/Src/usbd_cdc.o
 .text.USBD_CDC_DeInit
                0x000000000800667a       0x74 Middlewares/ST/STM32_USB_Device_Library/Class/CDC/Src/usbd_cdc.o
 *fill*         0x00000000080066ee        0x2 
 .text.USBD_CDC_Setup
                0x00000000080066f0      0x190 Middlewares/ST/STM32_USB_Device_Library/Class/CDC/Src/usbd_cdc.o
 .text.USBD_CDC_DataIn
                0x0000000008006880       0xca Middlewares/ST/STM32_USB_Device_Library/Class/CDC/Src/usbd_cdc.o
 .text.USBD_CDC_DataOut
                0x000000000800694a       0x56 Middlewares/ST/STM32_USB_Device_Library/Class/CDC/Src/usbd_cdc.o
 .text.USBD_CDC_EP0_RxReady
                0x00000000080069a0       0x5a Middlewares/ST/STM32_USB_Device_Library/Class/CDC/Src/usbd_cdc.o
 *fill*         0x00000000080069fa        0x2 
 .text.USBD_CDC_GetFSCfgDesc
                0x00000000080069fc       0x20 Middlewares/ST/STM32_USB_Device_Library/Class/CDC/Src/usbd_cdc.o
 .text.USBD_CDC_GetHSCfgDesc
                0x0000000008006a1c       0x20 Middlewares/ST/STM32_USB_Device_Library/Class/CDC/Src/usbd_cdc.o
 .text.USBD_CDC_GetOtherSpeedCfgDesc
                0x0000000008006a3c       0x20 Middlewares/ST/STM32_USB_Device_Library/Class/CDC/Src/usbd_cdc.o
 .text.USBD_CDC_GetDeviceQualifierDescriptor
                0x0000000008006a5c       0x20 Middlewares/ST/STM32_USB_Device_Library/Class/CDC/Src/usbd_cdc.o
                0x0000000008006a5c                USBD_CDC_GetDeviceQualifierDescriptor
 .text.USBD_CDC_RegisterInterface
                0x0000000008006a7c       0x2a Middlewares/ST/STM32_USB_Device_Library/Class/CDC/Src/usbd_cdc.o
                0x0000000008006a7c                USBD_CDC_RegisterInterface
 .text.USBD_CDC_SetTxBuffer
                0x0000000008006aa6       0x3c Middlewares/ST/STM32_USB_Device_Library/Class/CDC/Src/usbd_cdc.o
                0x0000000008006aa6                USBD_CDC_SetTxBuffer
 .text.USBD_CDC_SetRxBuffer
                0x0000000008006ae2       0x32 Middlewares/ST/STM32_USB_Device_Library/Class/CDC/Src/usbd_cdc.o
                0x0000000008006ae2                USBD_CDC_SetRxBuffer
 .text.USBD_CDC_ReceivePacket
                0x0000000008006b14       0x54 Middlewares/ST/STM32_USB_Device_Library/Class/CDC/Src/usbd_cdc.o
                0x0000000008006b14                USBD_CDC_ReceivePacket
 .text.USBD_Init
                0x0000000008006b68       0x60 Middlewares/ST/STM32_USB_Device_Library/Core/Src/usbd_core.o
                0x0000000008006b68                USBD_Init
 .text.USBD_RegisterClass
                0x0000000008006bc8       0x4e Middlewares/ST/STM32_USB_Device_Library/Core/Src/usbd_core.o
                0x0000000008006bc8                USBD_RegisterClass
 .text.USBD_Start
                0x0000000008006c16       0x18 Middlewares/ST/STM32_USB_Device_Library/Core/Src/usbd_core.o
                0x0000000008006c16                USBD_Start
 .text.USBD_RunTestMode
                0x0000000008006c2e       0x16 Middlewares/ST/STM32_USB_Device_Library/Core/Src/usbd_core.o
                0x0000000008006c2e                USBD_RunTestMode
 .text.USBD_SetClassConfig
                0x0000000008006c44       0x38 Middlewares/ST/STM32_USB_Device_Library/Core/Src/usbd_core.o
                0x0000000008006c44                USBD_SetClassConfig
 .text.USBD_ClrClassConfig
                0x0000000008006c7c       0x30 Middlewares/ST/STM32_USB_Device_Library/Core/Src/usbd_core.o
                0x0000000008006c7c                USBD_ClrClassConfig
 .text.USBD_LL_SetupStage
                0x0000000008006cac       0xaa Middlewares/ST/STM32_USB_Device_Library/Core/Src/usbd_core.o
                0x0000000008006cac                USBD_LL_SetupStage
 .text.USBD_LL_DataOutStage
                0x0000000008006d56       0xc6 Middlewares/ST/STM32_USB_Device_Library/Core/Src/usbd_core.o
                0x0000000008006d56                USBD_LL_DataOutStage
 .text.USBD_LL_DataInStage
                0x0000000008006e1c      0x12c Middlewares/ST/STM32_USB_Device_Library/Core/Src/usbd_core.o
                0x0000000008006e1c                USBD_LL_DataInStage
 .text.USBD_LL_Reset
                0x0000000008006f48       0x9c Middlewares/ST/STM32_USB_Device_Library/Core/Src/usbd_core.o
                0x0000000008006f48                USBD_LL_Reset
 .text.USBD_LL_SetSpeed
                0x0000000008006fe4       0x20 Middlewares/ST/STM32_USB_Device_Library/Core/Src/usbd_core.o
                0x0000000008006fe4                USBD_LL_SetSpeed
 .text.USBD_LL_Suspend
                0x0000000008007004       0x2c Middlewares/ST/STM32_USB_Device_Library/Core/Src/usbd_core.o
                0x0000000008007004                USBD_LL_Suspend
 .text.USBD_LL_Resume
                0x0000000008007030       0x30 Middlewares/ST/STM32_USB_Device_Library/Core/Src/usbd_core.o
                0x0000000008007030                USBD_LL_Resume
 .text.USBD_LL_SOF
                0x0000000008007060       0x44 Middlewares/ST/STM32_USB_Device_Library/Core/Src/usbd_core.o
                0x0000000008007060                USBD_LL_SOF
 .text.USBD_LL_IsoINIncomplete
                0x00000000080070a4       0x4c Middlewares/ST/STM32_USB_Device_Library/Core/Src/usbd_core.o
                0x00000000080070a4                USBD_LL_IsoINIncomplete
 .text.USBD_LL_IsoOUTIncomplete
                0x00000000080070f0       0x4c Middlewares/ST/STM32_USB_Device_Library/Core/Src/usbd_core.o
                0x00000000080070f0                USBD_LL_IsoOUTIncomplete
 .text.USBD_LL_DevConnected
                0x000000000800713c       0x16 Middlewares/ST/STM32_USB_Device_Library/Core/Src/usbd_core.o
                0x000000000800713c                USBD_LL_DevConnected
 .text.USBD_LL_DevDisconnected
                0x0000000008007152       0x38 Middlewares/ST/STM32_USB_Device_Library/Core/Src/usbd_core.o
                0x0000000008007152                USBD_LL_DevDisconnected
 .text.SWAPBYTE
                0x000000000800718a       0x3c Middlewares/ST/STM32_USB_Device_Library/Core/Src/usbd_ctlreq.o
 *fill*         0x00000000080071c6        0x2 
 .text.USBD_StdDevReq
                0x00000000080071c8       0xdc Middlewares/ST/STM32_USB_Device_Library/Core/Src/usbd_ctlreq.o
                0x00000000080071c8                USBD_StdDevReq
 .text.USBD_StdItfReq
                0x00000000080072a4       0x92 Middlewares/ST/STM32_USB_Device_Library/Core/Src/usbd_ctlreq.o
                0x00000000080072a4                USBD_StdItfReq
 .text.USBD_StdEPReq
                0x0000000008007336      0x2c4 Middlewares/ST/STM32_USB_Device_Library/Core/Src/usbd_ctlreq.o
                0x0000000008007336                USBD_StdEPReq
 *fill*         0x00000000080075fa        0x2 
 .text.USBD_GetDescriptor
                0x00000000080075fc      0x2d4 Middlewares/ST/STM32_USB_Device_Library/Core/Src/usbd_ctlreq.o
 .text.USBD_SetAddress
                0x00000000080078d0       0x88 Middlewares/ST/STM32_USB_Device_Library/Core/Src/usbd_ctlreq.o
 .text.USBD_SetConfig
                0x0000000008007958      0x14c Middlewares/ST/STM32_USB_Device_Library/Core/Src/usbd_ctlreq.o
 .text.USBD_GetConfig
                0x0000000008007aa4       0x6c Middlewares/ST/STM32_USB_Device_Library/Core/Src/usbd_ctlreq.o
 .text.USBD_GetStatus
                0x0000000008007b10       0x68 Middlewares/ST/STM32_USB_Device_Library/Core/Src/usbd_ctlreq.o
 .text.USBD_SetFeature
                0x0000000008007b78       0x28 Middlewares/ST/STM32_USB_Device_Library/Core/Src/usbd_ctlreq.o
 .text.USBD_ClrFeature
                0x0000000008007ba0       0x44 Middlewares/ST/STM32_USB_Device_Library/Core/Src/usbd_ctlreq.o
 .text.USBD_ParseSetupRequest
                0x0000000008007be4       0x74 Middlewares/ST/STM32_USB_Device_Library/Core/Src/usbd_ctlreq.o
                0x0000000008007be4                USBD_ParseSetupRequest
 .text.USBD_CtlError
                0x0000000008007c58       0x22 Middlewares/ST/STM32_USB_Device_Library/Core/Src/usbd_ctlreq.o
                0x0000000008007c58                USBD_CtlError
 .text.USBD_GetString
                0x0000000008007c7a       0x8c Middlewares/ST/STM32_USB_Device_Library/Core/Src/usbd_ctlreq.o
                0x0000000008007c7a                USBD_GetString
 .text.USBD_GetLen
                0x0000000008007d06       0x34 Middlewares/ST/STM32_USB_Device_Library/Core/Src/usbd_ctlreq.o
 .text.USBD_CtlSendData
                0x0000000008007d3a       0x36 Middlewares/ST/STM32_USB_Device_Library/Core/Src/usbd_ioreq.o
                0x0000000008007d3a                USBD_CtlSendData
 .text.USBD_CtlContinueSendData
                0x0000000008007d70       0x22 Middlewares/ST/STM32_USB_Device_Library/Core/Src/usbd_ioreq.o
                0x0000000008007d70                USBD_CtlContinueSendData
 .text.USBD_CtlPrepareRx
                0x0000000008007d92       0x3a Middlewares/ST/STM32_USB_Device_Library/Core/Src/usbd_ioreq.o
                0x0000000008007d92                USBD_CtlPrepareRx
 .text.USBD_CtlContinueRx
                0x0000000008007dcc       0x22 Middlewares/ST/STM32_USB_Device_Library/Core/Src/usbd_ioreq.o
                0x0000000008007dcc                USBD_CtlContinueRx
 .text.USBD_CtlSendStatus
                0x0000000008007dee       0x26 Middlewares/ST/STM32_USB_Device_Library/Core/Src/usbd_ioreq.o
                0x0000000008007dee                USBD_CtlSendStatus
 .text.USBD_CtlReceiveStatus
                0x0000000008007e14       0x26 Middlewares/ST/STM32_USB_Device_Library/Core/Src/usbd_ioreq.o
                0x0000000008007e14                USBD_CtlReceiveStatus
 *fill*         0x0000000008007e3a        0x2 
 .text.MX_USB_DEVICE_Init
                0x0000000008007e3c       0x60 USB_DEVICE/App/usb_device.o
                0x0000000008007e3c                MX_USB_DEVICE_Init
 .text.CDC_Init_FS
                0x0000000008007e9c       0x28 USB_DEVICE/App/usbd_cdc_if.o
 .text.CDC_DeInit_FS
                0x0000000008007ec4       0x10 USB_DEVICE/App/usbd_cdc_if.o
 .text.CDC_Control_FS
                0x0000000008007ed4       0xbc USB_DEVICE/App/usbd_cdc_if.o
 .text.CDC_Receive_FS
                0x0000000008007f90       0x28 USB_DEVICE/App/usbd_cdc_if.o
 .text.CDC_TransmitCplt_FS
                0x0000000008007fb8       0x22 USB_DEVICE/App/usbd_cdc_if.o
 *fill*         0x0000000008007fda        0x2 
 .text.USBD_FS_DeviceDescriptor
                0x0000000008007fdc       0x24 USB_DEVICE/App/usbd_desc.o
                0x0000000008007fdc                USBD_FS_DeviceDescriptor
 .text.USBD_FS_LangIDStrDescriptor
                0x0000000008008000       0x24 USB_DEVICE/App/usbd_desc.o
                0x0000000008008000                USBD_FS_LangIDStrDescriptor
 .text.USBD_FS_ProductStrDescriptor
                0x0000000008008024       0x3c USB_DEVICE/App/usbd_desc.o
                0x0000000008008024                USBD_FS_ProductStrDescriptor
 .text.USBD_FS_ManufacturerStrDescriptor
                0x0000000008008060       0x28 USB_DEVICE/App/usbd_desc.o
                0x0000000008008060                USBD_FS_ManufacturerStrDescriptor
 .text.USBD_FS_SerialStrDescriptor
                0x0000000008008088       0x24 USB_DEVICE/App/usbd_desc.o
                0x0000000008008088                USBD_FS_SerialStrDescriptor
 .text.USBD_FS_ConfigStrDescriptor
                0x00000000080080ac       0x3c USB_DEVICE/App/usbd_desc.o
                0x00000000080080ac                USBD_FS_ConfigStrDescriptor
 .text.USBD_FS_InterfaceStrDescriptor
                0x00000000080080e8       0x3c USB_DEVICE/App/usbd_desc.o
                0x00000000080080e8                USBD_FS_InterfaceStrDescriptor
 .text.Get_SerialNum
                0x0000000008008124       0x58 USB_DEVICE/App/usbd_desc.o
 .text.IntToUnicode
                0x000000000800817c       0x7e USB_DEVICE/App/usbd_desc.o
 *fill*         0x00000000080081fa        0x2 
 .text.HAL_PCD_MspInit
                0x00000000080081fc       0xc4 USB_DEVICE/Target/usbd_conf.o
                0x00000000080081fc                HAL_PCD_MspInit
 .text.HAL_PCD_SetupStageCallback
                0x00000000080082c0       0x24 USB_DEVICE/Target/usbd_conf.o
                0x00000000080082c0                HAL_PCD_SetupStageCallback
 .text.HAL_PCD_DataOutStageCallback
                0x00000000080082e4       0x36 USB_DEVICE/Target/usbd_conf.o
                0x00000000080082e4                HAL_PCD_DataOutStageCallback
 .text.HAL_PCD_DataInStageCallback
                0x000000000800831a       0x34 USB_DEVICE/Target/usbd_conf.o
                0x000000000800831a                HAL_PCD_DataInStageCallback
 .text.HAL_PCD_SOFCallback
                0x000000000800834e       0x1c USB_DEVICE/Target/usbd_conf.o
                0x000000000800834e                HAL_PCD_SOFCallback
 .text.HAL_PCD_ResetCallback
                0x000000000800836a       0x50 USB_DEVICE/Target/usbd_conf.o
                0x000000000800836a                HAL_PCD_ResetCallback
 *fill*         0x00000000080083ba        0x2 
 .text.HAL_PCD_SuspendCallback
                0x00000000080083bc       0x4c USB_DEVICE/Target/usbd_conf.o
                0x00000000080083bc                HAL_PCD_SuspendCallback
 .text.HAL_PCD_ResumeCallback
                0x0000000008008408       0x1c USB_DEVICE/Target/usbd_conf.o
                0x0000000008008408                HAL_PCD_ResumeCallback
 .text.HAL_PCD_ISOOUTIncompleteCallback
                0x0000000008008424       0x24 USB_DEVICE/Target/usbd_conf.o
                0x0000000008008424                HAL_PCD_ISOOUTIncompleteCallback
 .text.HAL_PCD_ISOINIncompleteCallback
                0x0000000008008448       0x24 USB_DEVICE/Target/usbd_conf.o
                0x0000000008008448                HAL_PCD_ISOINIncompleteCallback
 .text.HAL_PCD_ConnectCallback
                0x000000000800846c       0x1c USB_DEVICE/Target/usbd_conf.o
                0x000000000800846c                HAL_PCD_ConnectCallback
 .text.HAL_PCD_DisconnectCallback
                0x0000000008008488       0x1c USB_DEVICE/Target/usbd_conf.o
                0x0000000008008488                HAL_PCD_DisconnectCallback
 .text.USBD_LL_Init
                0x00000000080084a4       0x98 USB_DEVICE/Target/usbd_conf.o
                0x00000000080084a4                USBD_LL_Init
 .text.USBD_LL_Start
                0x000000000800853c       0x36 USB_DEVICE/Target/usbd_conf.o
                0x000000000800853c                USBD_LL_Start
 .text.USBD_LL_OpenEP
                0x0000000008008572       0x4c USB_DEVICE/Target/usbd_conf.o
                0x0000000008008572                USBD_LL_OpenEP
 .text.USBD_LL_CloseEP
                0x00000000080085be       0x3e USB_DEVICE/Target/usbd_conf.o
                0x00000000080085be                USBD_LL_CloseEP
 .text.USBD_LL_StallEP
                0x00000000080085fc       0x3e USB_DEVICE/Target/usbd_conf.o
                0x00000000080085fc                USBD_LL_StallEP
 .text.USBD_LL_ClearStallEP
                0x000000000800863a       0x3e USB_DEVICE/Target/usbd_conf.o
                0x000000000800863a                USBD_LL_ClearStallEP
 .text.USBD_LL_IsStallEP
                0x0000000008008678       0x58 USB_DEVICE/Target/usbd_conf.o
                0x0000000008008678                USBD_LL_IsStallEP
 .text.USBD_LL_SetUSBAddress
                0x00000000080086d0       0x3e USB_DEVICE/Target/usbd_conf.o
                0x00000000080086d0                USBD_LL_SetUSBAddress
 .text.USBD_LL_Transmit
                0x000000000800870e       0x42 USB_DEVICE/Target/usbd_conf.o
                0x000000000800870e                USBD_LL_Transmit
 .text.USBD_LL_PrepareReceive
                0x0000000008008750       0x42 USB_DEVICE/Target/usbd_conf.o
                0x0000000008008750                USBD_LL_PrepareReceive
 .text.USBD_LL_GetRxDataSize
                0x0000000008008792       0x26 USB_DEVICE/Target/usbd_conf.o
                0x0000000008008792                USBD_LL_GetRxDataSize
 .text.USBD_static_malloc
                0x00000000080087b8       0x1c USB_DEVICE/Target/usbd_conf.o
                0x00000000080087b8                USBD_static_malloc
 .text.USBD_static_free
                0x00000000080087d4       0x14 USB_DEVICE/Target/usbd_conf.o
                0x00000000080087d4                USBD_static_free
 .text.USBD_Get_USB_Status
                0x00000000080087e8       0x58 USB_DEVICE/Target/usbd_conf.o
                0x00000000080087e8                USBD_Get_USB_Status
 .text.__libc_init_array
                0x0000000008008840       0x48 d:/programi/st/stm32cubeide_1.6.0/stm32cubeide/plugins/com.st.stm32cube.ide.mcu.externaltools.gnu-tools-for-stm32.9-2020-q2-update.win32_1.5.0.202011040924/tools/bin/../lib/gcc/arm-none-eabi/9.3.1/../../../../arm-none-eabi/lib/thumb/v7e-m+fp/hard\libc_nano.a(lib_a-init.o)
                0x0000000008008840                __libc_init_array
 .text.memset   0x0000000008008888       0x10 d:/programi/st/stm32cubeide_1.6.0/stm32cubeide/plugins/com.st.stm32cube.ide.mcu.externaltools.gnu-tools-for-stm32.9-2020-q2-update.win32_1.5.0.202011040924/tools/bin/../lib/gcc/arm-none-eabi/9.3.1/../../../../arm-none-eabi/lib/thumb/v7e-m+fp/hard\libc_nano.a(lib_a-memset.o)
                0x0000000008008888                memset
 *(.glue_7)
 .glue_7        0x0000000008008898        0x0 linker stubs
 *(.glue_7t)
 .glue_7t       0x0000000008008898        0x0 linker stubs
 *(.eh_frame)
 .eh_frame      0x0000000008008898        0x0 d:/programi/st/stm32cubeide_1.6.0/stm32cubeide/plugins/com.st.stm32cube.ide.mcu.externaltools.gnu-tools-for-stm32.9-2020-q2-update.win32_1.5.0.202011040924/tools/bin/../lib/gcc/arm-none-eabi/9.3.1/thumb/v7e-m+fp/hard/crtbegin.o
 *(.init)
 .init          0x0000000008008898        0x4 d:/programi/st/stm32cubeide_1.6.0/stm32cubeide/plugins/com.st.stm32cube.ide.mcu.externaltools.gnu-tools-for-stm32.9-2020-q2-update.win32_1.5.0.202011040924/tools/bin/../lib/gcc/arm-none-eabi/9.3.1/thumb/v7e-m+fp/hard/crti.o
                0x0000000008008898                _init
 .init          0x000000000800889c        0x8 d:/programi/st/stm32cubeide_1.6.0/stm32cubeide/plugins/com.st.stm32cube.ide.mcu.externaltools.gnu-tools-for-stm32.9-2020-q2-update.win32_1.5.0.202011040924/tools/bin/../lib/gcc/arm-none-eabi/9.3.1/thumb/v7e-m+fp/hard/crtn.o
 *(.fini)
 .fini          0x00000000080088a4        0x4 d:/programi/st/stm32cubeide_1.6.0/stm32cubeide/plugins/com.st.stm32cube.ide.mcu.externaltools.gnu-tools-for-stm32.9-2020-q2-update.win32_1.5.0.202011040924/tools/bin/../lib/gcc/arm-none-eabi/9.3.1/thumb/v7e-m+fp/hard/crti.o
                0x00000000080088a4                _fini
 .fini          0x00000000080088a8        0x8 d:/programi/st/stm32cubeide_1.6.0/stm32cubeide/plugins/com.st.stm32cube.ide.mcu.externaltools.gnu-tools-for-stm32.9-2020-q2-update.win32_1.5.0.202011040924/tools/bin/../lib/gcc/arm-none-eabi/9.3.1/thumb/v7e-m+fp/hard/crtn.o
                0x00000000080088b0                . = ALIGN (0x4)
                0x00000000080088b0                _etext = .

.vfp11_veneer   0x00000000080088b0        0x0
 .vfp11_veneer  0x00000000080088b0        0x0 linker stubs

.v4_bx          0x00000000080088b0        0x0
 .v4_bx         0x00000000080088b0        0x0 linker stubs

.iplt           0x00000000080088b0        0x0
 .iplt          0x00000000080088b0        0x0 d:/programi/st/stm32cubeide_1.6.0/stm32cubeide/plugins/com.st.stm32cube.ide.mcu.externaltools.gnu-tools-for-stm32.9-2020-q2-update.win32_1.5.0.202011040924/tools/bin/../lib/gcc/arm-none-eabi/9.3.1/thumb/v7e-m+fp/hard/crtbegin.o

.rodata         0x00000000080088b0       0x60
                0x00000000080088b0                . = ALIGN (0x4)
 *(.rodata)
 .rodata        0x00000000080088b0       0x46 USB_DEVICE/App/usbd_desc.o
 *(.rodata*)
 *fill*         0x00000000080088f6        0x2 
 .rodata.AHBPrescTable
                0x00000000080088f8       0x10 Core/Src/system_stm32f4xx.o
                0x00000000080088f8                AHBPrescTable
 .rodata.APBPrescTable
                0x0000000008008908        0x8 Core/Src/system_stm32f4xx.o
                0x0000000008008908                APBPrescTable
                0x0000000008008910                . = ALIGN (0x4)

.ARM.extab      0x0000000008008910        0x0
                0x0000000008008910                . = ALIGN (0x4)
 *(.ARM.extab* .gnu.linkonce.armextab.*)
                0x0000000008008910                . = ALIGN (0x4)

.ARM            0x0000000008008910        0x8
                0x0000000008008910                . = ALIGN (0x4)
                0x0000000008008910                __exidx_start = .
 *(.ARM.exidx*)
 .ARM.exidx     0x0000000008008910        0x8 d:/programi/st/stm32cubeide_1.6.0/stm32cubeide/plugins/com.st.stm32cube.ide.mcu.externaltools.gnu-tools-for-stm32.9-2020-q2-update.win32_1.5.0.202011040924/tools/bin/../lib/gcc/arm-none-eabi/9.3.1/thumb/v7e-m+fp/hard\libgcc.a(_udivmoddi4.o)
                0x0000000008008918                __exidx_end = .
                0x0000000008008918                . = ALIGN (0x4)

.rel.dyn        0x0000000008008918        0x0
 .rel.iplt      0x0000000008008918        0x0 d:/programi/st/stm32cubeide_1.6.0/stm32cubeide/plugins/com.st.stm32cube.ide.mcu.externaltools.gnu-tools-for-stm32.9-2020-q2-update.win32_1.5.0.202011040924/tools/bin/../lib/gcc/arm-none-eabi/9.3.1/thumb/v7e-m+fp/hard/crtbegin.o

.preinit_array  0x0000000008008918        0x0
                0x0000000008008918                . = ALIGN (0x4)
                0x0000000008008918                PROVIDE (__preinit_array_start = .)
 *(.preinit_array*)
                0x0000000008008918                PROVIDE (__preinit_array_end = .)
                0x0000000008008918                . = ALIGN (0x4)

.init_array     0x0000000008008918        0x4
                0x0000000008008918                . = ALIGN (0x4)
                0x0000000008008918                PROVIDE (__init_array_start = .)
 *(SORT_BY_NAME(.init_array.*))
 *(.init_array*)
 .init_array    0x0000000008008918        0x4 d:/programi/st/stm32cubeide_1.6.0/stm32cubeide/plugins/com.st.stm32cube.ide.mcu.externaltools.gnu-tools-for-stm32.9-2020-q2-update.win32_1.5.0.202011040924/tools/bin/../lib/gcc/arm-none-eabi/9.3.1/thumb/v7e-m+fp/hard/crtbegin.o
                0x000000000800891c                PROVIDE (__init_array_end = .)
                0x000000000800891c                . = ALIGN (0x4)

.fini_array     0x000000000800891c        0x4
                0x000000000800891c                . = ALIGN (0x4)
                [!provide]                        PROVIDE (__fini_array_start = .)
 *(SORT_BY_NAME(.fini_array.*))
 *(.fini_array*)
 .fini_array    0x000000000800891c        0x4 d:/programi/st/stm32cubeide_1.6.0/stm32cubeide/plugins/com.st.stm32cube.ide.mcu.externaltools.gnu-tools-for-stm32.9-2020-q2-update.win32_1.5.0.202011040924/tools/bin/../lib/gcc/arm-none-eabi/9.3.1/thumb/v7e-m+fp/hard/crtbegin.o
                [!provide]                        PROVIDE (__fini_array_end = .)
                0x0000000008008920                . = ALIGN (0x4)
                0x0000000008008920                _sidata = LOADADDR (.data)

.data           0x0000000020000000      0x180 load address 0x0000000008008920
                0x0000000020000000                . = ALIGN (0x4)
                0x0000000020000000                _sdata = .
 *(.data)
 *(.data*)
 .data.SystemCoreClock
                0x0000000020000000        0x4 Core/Src/system_stm32f4xx.o
                0x0000000020000000                SystemCoreClock
 .data.uwTickPrio
                0x0000000020000004        0x4 Drivers/STM32F4xx_HAL_Driver/Src/stm32f4xx_hal.o
                0x0000000020000004                uwTickPrio
 .data.uwTickFreq
                0x0000000020000008        0x1 Drivers/STM32F4xx_HAL_Driver/Src/stm32f4xx_hal.o
                0x0000000020000008                uwTickFreq
 *fill*         0x0000000020000009        0x3 
 .data.USBD_CDC_DeviceQualifierDesc
                0x000000002000000c        0xa Middlewares/ST/STM32_USB_Device_Library/Class/CDC/Src/usbd_cdc.o
 *fill*         0x0000000020000016        0x2 
 .data.USBD_CDC
                0x0000000020000018       0x38 Middlewares/ST/STM32_USB_Device_Library/Class/CDC/Src/usbd_cdc.o
                0x0000000020000018                USBD_CDC
 .data.USBD_CDC_CfgHSDesc
                0x0000000020000050       0x43 Middlewares/ST/STM32_USB_Device_Library/Class/CDC/Src/usbd_cdc.o
 *fill*         0x0000000020000093        0x1 
 .data.USBD_CDC_CfgFSDesc
                0x0000000020000094       0x43 Middlewares/ST/STM32_USB_Device_Library/Class/CDC/Src/usbd_cdc.o
 *fill*         0x00000000200000d7        0x1 
 .data.USBD_CDC_OtherSpeedCfgDesc
                0x00000000200000d8       0x43 Middlewares/ST/STM32_USB_Device_Library/Class/CDC/Src/usbd_cdc.o
 *fill*         0x000000002000011b        0x1 
 .data.USBD_Interface_fops_FS
                0x000000002000011c       0x14 USB_DEVICE/App/usbd_cdc_if.o
                0x000000002000011c                USBD_Interface_fops_FS
 .data.FS_Desc  0x0000000020000130       0x1c USB_DEVICE/App/usbd_desc.o
                0x0000000020000130                FS_Desc
 .data.USBD_FS_DeviceDesc
                0x000000002000014c       0x12 USB_DEVICE/App/usbd_desc.o
                0x000000002000014c                USBD_FS_DeviceDesc
 *fill*         0x000000002000015e        0x2 
 .data.USBD_LangIDDesc
                0x0000000020000160        0x4 USB_DEVICE/App/usbd_desc.o
                0x0000000020000160                USBD_LangIDDesc
 .data.USBD_StringSerial
                0x0000000020000164       0x1a USB_DEVICE/App/usbd_desc.o
                0x0000000020000164                USBD_StringSerial
 *(.RamFunc)
 *(.RamFunc*)
                0x0000000020000180                . = ALIGN (0x4)
 *fill*         0x000000002000017e        0x2 
                0x0000000020000180                _edata = .

.igot.plt       0x0000000020000180        0x0 load address 0x0000000008008aa0
 .igot.plt      0x0000000020000180        0x0 d:/programi/st/stm32cubeide_1.6.0/stm32cubeide/plugins/com.st.stm32cube.ide.mcu.externaltools.gnu-tools-for-stm32.9-2020-q2-update.win32_1.5.0.202011040924/tools/bin/../lib/gcc/arm-none-eabi/9.3.1/thumb/v7e-m+fp/hard/crtbegin.o
                0x0000000020000180                . = ALIGN (0x4)

.bss            0x0000000020000180     0x1c5c load address 0x0000000008008aa0
                0x0000000020000180                _sbss = .
                0x0000000020000180                __bss_start__ = _sbss
 *(.bss)
 .bss           0x0000000020000180       0x1c d:/programi/st/stm32cubeide_1.6.0/stm32cubeide/plugins/com.st.stm32cube.ide.mcu.externaltools.gnu-tools-for-stm32.9-2020-q2-update.win32_1.5.0.202011040924/tools/bin/../lib/gcc/arm-none-eabi/9.3.1/thumb/v7e-m+fp/hard/crtbegin.o
 *(.bss*)
 .bss.pulse     0x000000002000019c        0x4 Core/Src/main.o
                0x000000002000019c                pulse
 .bss.cfgidx.10933
                0x00000000200001a0        0x1 Middlewares/ST/STM32_USB_Device_Library/Core/Src/usbd_ctlreq.o
 *fill*         0x00000000200001a1        0x3 
 .bss.mem.11002
                0x00000000200001a4      0x220 USB_DEVICE/Target/usbd_conf.o
 *(COMMON)
 COMMON         0x00000000200003c4      0x13c Core/Src/main.o
                0x00000000200003c4                hi2c1
                0x0000000020000418                hspi1
                0x0000000020000470                htim2
                0x00000000200004b8                hi2s3
 COMMON         0x0000000020000500        0x4 Drivers/STM32F4xx_HAL_Driver/Src/stm32f4xx_hal.o
                0x0000000020000500                uwTick
 COMMON         0x0000000020000504      0x2d0 USB_DEVICE/App/usb_device.o
                0x0000000020000504                hUsbDeviceFS
 COMMON         0x00000000200007d4     0x1000 USB_DEVICE/App/usbd_cdc_if.o
                0x00000000200007d4                UserRxBufferFS
                0x0000000020000fd4                UserTxBufferFS
 COMMON         0x00000000200017d4      0x200 USB_DEVICE/App/usbd_desc.o
                0x00000000200017d4                USBD_StrDesc
 COMMON         0x00000000200019d4      0x408 USB_DEVICE/Target/usbd_conf.o
                0x00000000200019d4                hpcd_USB_OTG_FS
                0x0000000020001ddc                . = ALIGN (0x4)
                0x0000000020001ddc                _ebss = .
                0x0000000020001ddc                __bss_end__ = _ebss

._user_heap_stack
                0x0000000020001ddc      0x604 load address 0x0000000008008aa0
                0x0000000020001de0                . = ALIGN (0x8)
 *fill*         0x0000000020001ddc        0x4 
                [!provide]                        PROVIDE (end = .)
                0x0000000020001de0                PROVIDE (_end = .)
                0x0000000020001fe0                . = (. + _Min_Heap_Size)
 *fill*         0x0000000020001de0      0x200 
                0x00000000200023e0                . = (. + _Min_Stack_Size)
 *fill*         0x0000000020001fe0      0x400 
                0x00000000200023e0                . = ALIGN (0x8)

/DISCARD/
 libc.a(*)
 libm.a(*)
 libgcc.a(*)

.ARM.attributes
                0x0000000000000000       0x30
 *(.ARM.attributes)
 .ARM.attributes
                0x0000000000000000       0x1e d:/programi/st/stm32cubeide_1.6.0/stm32cubeide/plugins/com.st.stm32cube.ide.mcu.externaltools.gnu-tools-for-stm32.9-2020-q2-update.win32_1.5.0.202011040924/tools/bin/../lib/gcc/arm-none-eabi/9.3.1/thumb/v7e-m+fp/hard/crti.o
 .ARM.attributes
                0x000000000000001e       0x34 d:/programi/st/stm32cubeide_1.6.0/stm32cubeide/plugins/com.st.stm32cube.ide.mcu.externaltools.gnu-tools-for-stm32.9-2020-q2-update.win32_1.5.0.202011040924/tools/bin/../lib/gcc/arm-none-eabi/9.3.1/thumb/v7e-m+fp/hard/crtbegin.o
 .ARM.attributes
                0x0000000000000052       0x34 Core/Src/main.o
 .ARM.attributes
                0x0000000000000086       0x34 Core/Src/stm32f4xx_hal_msp.o
 .ARM.attributes
                0x00000000000000ba       0x34 Core/Src/stm32f4xx_it.o
 .ARM.attributes
                0x00000000000000ee       0x34 Core/Src/system_stm32f4xx.o
 .ARM.attributes
                0x0000000000000122       0x21 Core/Startup/startup_stm32f407vgtx.o
 .ARM.attributes
                0x0000000000000143       0x34 Drivers/STM32F4xx_HAL_Driver/Src/stm32f4xx_hal.o
 .ARM.attributes
                0x0000000000000177       0x34 Drivers/STM32F4xx_HAL_Driver/Src/stm32f4xx_hal_cortex.o
 .ARM.attributes
                0x00000000000001ab       0x34 Drivers/STM32F4xx_HAL_Driver/Src/stm32f4xx_hal_gpio.o
 .ARM.attributes
                0x00000000000001df       0x34 Drivers/STM32F4xx_HAL_Driver/Src/stm32f4xx_hal_i2c.o
 .ARM.attributes
                0x0000000000000213       0x34 Drivers/STM32F4xx_HAL_Driver/Src/stm32f4xx_hal_i2s.o
 .ARM.attributes
                0x0000000000000247       0x34 Drivers/STM32F4xx_HAL_Driver/Src/stm32f4xx_hal_i2s_ex.o
 .ARM.attributes
                0x000000000000027b       0x34 Drivers/STM32F4xx_HAL_Driver/Src/stm32f4xx_hal_pcd.o
 .ARM.attributes
                0x00000000000002af       0x34 Drivers/STM32F4xx_HAL_Driver/Src/stm32f4xx_hal_pcd_ex.o
 .ARM.attributes
                0x00000000000002e3       0x34 Drivers/STM32F4xx_HAL_Driver/Src/stm32f4xx_hal_rcc.o
 .ARM.attributes
                0x0000000000000317       0x34 Drivers/STM32F4xx_HAL_Driver/Src/stm32f4xx_hal_rcc_ex.o
 .ARM.attributes
                0x000000000000034b       0x34 Drivers/STM32F4xx_HAL_Driver/Src/stm32f4xx_hal_spi.o
 .ARM.attributes
                0x000000000000037f       0x34 Drivers/STM32F4xx_HAL_Driver/Src/stm32f4xx_hal_tim.o
 .ARM.attributes
                0x00000000000003b3       0x34 Drivers/STM32F4xx_HAL_Driver/Src/stm32f4xx_hal_tim_ex.o
 .ARM.attributes
                0x00000000000003e7       0x34 Drivers/STM32F4xx_HAL_Driver/Src/stm32f4xx_ll_usb.o
 .ARM.attributes
                0x000000000000041b       0x34 Middlewares/ST/STM32_USB_Device_Library/Class/CDC/Src/usbd_cdc.o
 .ARM.attributes
                0x000000000000044f       0x34 Middlewares/ST/STM32_USB_Device_Library/Core/Src/usbd_core.o
 .ARM.attributes
                0x0000000000000483       0x34 Middlewares/ST/STM32_USB_Device_Library/Core/Src/usbd_ctlreq.o
 .ARM.attributes
                0x00000000000004b7       0x34 Middlewares/ST/STM32_USB_Device_Library/Core/Src/usbd_ioreq.o
 .ARM.attributes
                0x00000000000004eb       0x34 USB_DEVICE/App/usb_device.o
 .ARM.attributes
                0x000000000000051f       0x34 USB_DEVICE/App/usbd_cdc_if.o
 .ARM.attributes
                0x0000000000000553       0x34 USB_DEVICE/App/usbd_desc.o
 .ARM.attributes
                0x0000000000000587       0x34 USB_DEVICE/Target/usbd_conf.o
 .ARM.attributes
                0x00000000000005bb       0x34 d:/programi/st/stm32cubeide_1.6.0/stm32cubeide/plugins/com.st.stm32cube.ide.mcu.externaltools.gnu-tools-for-stm32.9-2020-q2-update.win32_1.5.0.202011040924/tools/bin/../lib/gcc/arm-none-eabi/9.3.1/../../../../arm-none-eabi/lib/thumb/v7e-m+fp/hard\libc_nano.a(lib_a-init.o)
 .ARM.attributes
                0x00000000000005ef       0x34 d:/programi/st/stm32cubeide_1.6.0/stm32cubeide/plugins/com.st.stm32cube.ide.mcu.externaltools.gnu-tools-for-stm32.9-2020-q2-update.win32_1.5.0.202011040924/tools/bin/../lib/gcc/arm-none-eabi/9.3.1/../../../../arm-none-eabi/lib/thumb/v7e-m+fp/hard\libc_nano.a(lib_a-memset.o)
 .ARM.attributes
                0x0000000000000623       0x1e d:/programi/st/stm32cubeide_1.6.0/stm32cubeide/plugins/com.st.stm32cube.ide.mcu.externaltools.gnu-tools-for-stm32.9-2020-q2-update.win32_1.5.0.202011040924/tools/bin/../lib/gcc/arm-none-eabi/9.3.1/thumb/v7e-m+fp/hard\libgcc.a(_aeabi_uldivmod.o)
 .ARM.attributes
                0x0000000000000641       0x34 d:/programi/st/stm32cubeide_1.6.0/stm32cubeide/plugins/com.st.stm32cube.ide.mcu.externaltools.gnu-tools-for-stm32.9-2020-q2-update.win32_1.5.0.202011040924/tools/bin/../lib/gcc/arm-none-eabi/9.3.1/thumb/v7e-m+fp/hard\libgcc.a(_udivmoddi4.o)
 .ARM.attributes
                0x0000000000000675       0x1e d:/programi/st/stm32cubeide_1.6.0/stm32cubeide/plugins/com.st.stm32cube.ide.mcu.externaltools.gnu-tools-for-stm32.9-2020-q2-update.win32_1.5.0.202011040924/tools/bin/../lib/gcc/arm-none-eabi/9.3.1/thumb/v7e-m+fp/hard\libgcc.a(_dvmd_tls.o)
 .ARM.attributes
                0x0000000000000693       0x1e d:/programi/st/stm32cubeide_1.6.0/stm32cubeide/plugins/com.st.stm32cube.ide.mcu.externaltools.gnu-tools-for-stm32.9-2020-q2-update.win32_1.5.0.202011040924/tools/bin/../lib/gcc/arm-none-eabi/9.3.1/thumb/v7e-m+fp/hard/crtn.o
OUTPUT(Tutorial02_PWM.elf elf32-littlearm)
LOAD linker stubs
LOAD d:/programi/st/stm32cubeide_1.6.0/stm32cubeide/plugins/com.st.stm32cube.ide.mcu.externaltools.gnu-tools-for-stm32.9-2020-q2-update.win32_1.5.0.202011040924/tools/bin/../lib/gcc/arm-none-eabi/9.3.1/../../../../arm-none-eabi/lib/thumb/v7e-m+fp/hard\libc.a
LOAD d:/programi/st/stm32cubeide_1.6.0/stm32cubeide/plugins/com.st.stm32cube.ide.mcu.externaltools.gnu-tools-for-stm32.9-2020-q2-update.win32_1.5.0.202011040924/tools/bin/../lib/gcc/arm-none-eabi/9.3.1/../../../../arm-none-eabi/lib/thumb/v7e-m+fp/hard\libm.a
LOAD d:/programi/st/stm32cubeide_1.6.0/stm32cubeide/plugins/com.st.stm32cube.ide.mcu.externaltools.gnu-tools-for-stm32.9-2020-q2-update.win32_1.5.0.202011040924/tools/bin/../lib/gcc/arm-none-eabi/9.3.1/thumb/v7e-m+fp/hard\libgcc.a

.debug_info     0x0000000000000000    0x1e2f4
 .debug_info    0x0000000000000000     0x1fc3 Core/Src/main.o
 .debug_info    0x0000000000001fc3     0x1409 Core/Src/stm32f4xx_hal_msp.o
 .debug_info    0x00000000000033cc      0x6db Core/Src/stm32f4xx_it.o
 .debug_info    0x0000000000003aa7      0x5a4 Core/Src/system_stm32f4xx.o
 .debug_info    0x000000000000404b       0x22 Core/Startup/startup_stm32f407vgtx.o
 .debug_info    0x000000000000406d      0x9b2 Drivers/STM32F4xx_HAL_Driver/Src/stm32f4xx_hal.o
 .debug_info    0x0000000000004a1f      0xed7 Drivers/STM32F4xx_HAL_Driver/Src/stm32f4xx_hal_cortex.o
 .debug_info    0x00000000000058f6      0x83e Drivers/STM32F4xx_HAL_Driver/Src/stm32f4xx_hal_gpio.o
 .debug_info    0x0000000000006134     0x2633 Drivers/STM32F4xx_HAL_Driver/Src/stm32f4xx_hal_i2c.o
 .debug_info    0x0000000000008767      0xf30 Drivers/STM32F4xx_HAL_Driver/Src/stm32f4xx_hal_i2s.o
 .debug_info    0x0000000000009697      0xc22 Drivers/STM32F4xx_HAL_Driver/Src/stm32f4xx_hal_i2s_ex.o
 .debug_info    0x000000000000a2b9     0x12dd Drivers/STM32F4xx_HAL_Driver/Src/stm32f4xx_hal_pcd.o
 .debug_info    0x000000000000b596      0x7c3 Drivers/STM32F4xx_HAL_Driver/Src/stm32f4xx_hal_pcd_ex.o
 .debug_info    0x000000000000bd59      0x996 Drivers/STM32F4xx_HAL_Driver/Src/stm32f4xx_hal_rcc.o
 .debug_info    0x000000000000c6ef      0x603 Drivers/STM32F4xx_HAL_Driver/Src/stm32f4xx_hal_rcc_ex.o
 .debug_info    0x000000000000ccf2     0x17c0 Drivers/STM32F4xx_HAL_Driver/Src/stm32f4xx_hal_spi.o
 .debug_info    0x000000000000e4b2     0x2a90 Drivers/STM32F4xx_HAL_Driver/Src/stm32f4xx_hal_tim.o
 .debug_info    0x0000000000010f42     0x1522 Drivers/STM32F4xx_HAL_Driver/Src/stm32f4xx_hal_tim_ex.o
 .debug_info    0x0000000000012464     0x1a8c Drivers/STM32F4xx_HAL_Driver/Src/stm32f4xx_ll_usb.o
 .debug_info    0x0000000000013ef0     0x198b Middlewares/ST/STM32_USB_Device_Library/Class/CDC/Src/usbd_cdc.o
 .debug_info    0x000000000001587b     0x13a7 Middlewares/ST/STM32_USB_Device_Library/Core/Src/usbd_core.o
 .debug_info    0x0000000000016c22     0x1373 Middlewares/ST/STM32_USB_Device_Library/Core/Src/usbd_ctlreq.o
 .debug_info    0x0000000000017f95     0x1095 Middlewares/ST/STM32_USB_Device_Library/Core/Src/usbd_ioreq.o
 .debug_info    0x000000000001902a      0xffe USB_DEVICE/App/usb_device.o
 .debug_info    0x000000000001a028     0x122f USB_DEVICE/App/usbd_cdc_if.o
 .debug_info    0x000000000001b257      0xdfa USB_DEVICE/App/usbd_desc.o
 .debug_info    0x000000000001c051     0x22a3 USB_DEVICE/Target/usbd_conf.o

.debug_abbrev   0x0000000000000000     0x3e4c
 .debug_abbrev  0x0000000000000000      0x2ca Core/Src/main.o
 .debug_abbrev  0x00000000000002ca      0x219 Core/Src/stm32f4xx_hal_msp.o
 .debug_abbrev  0x00000000000004e3      0x184 Core/Src/stm32f4xx_it.o
 .debug_abbrev  0x0000000000000667      0x145 Core/Src/system_stm32f4xx.o
 .debug_abbrev  0x00000000000007ac       0x12 Core/Startup/startup_stm32f407vgtx.o
 .debug_abbrev  0x00000000000007be      0x1ed Drivers/STM32F4xx_HAL_Driver/Src/stm32f4xx_hal.o
 .debug_abbrev  0x00000000000009ab      0x33c Drivers/STM32F4xx_HAL_Driver/Src/stm32f4xx_hal_cortex.o
 .debug_abbrev  0x0000000000000ce7      0x1f1 Drivers/STM32F4xx_HAL_Driver/Src/stm32f4xx_hal_gpio.o
 .debug_abbrev  0x0000000000000ed8      0x282 Drivers/STM32F4xx_HAL_Driver/Src/stm32f4xx_hal_i2c.o
 .debug_abbrev  0x000000000000115a      0x245 Drivers/STM32F4xx_HAL_Driver/Src/stm32f4xx_hal_i2s.o
 .debug_abbrev  0x000000000000139f      0x276 Drivers/STM32F4xx_HAL_Driver/Src/stm32f4xx_hal_i2s_ex.o
 .debug_abbrev  0x0000000000001615      0x2a0 Drivers/STM32F4xx_HAL_Driver/Src/stm32f4xx_hal_pcd.o
 .debug_abbrev  0x00000000000018b5      0x1fb Drivers/STM32F4xx_HAL_Driver/Src/stm32f4xx_hal_pcd_ex.o
 .debug_abbrev  0x0000000000001ab0      0x275 Drivers/STM32F4xx_HAL_Driver/Src/stm32f4xx_hal_rcc.o
 .debug_abbrev  0x0000000000001d25      0x18f Drivers/STM32F4xx_HAL_Driver/Src/stm32f4xx_hal_rcc_ex.o
 .debug_abbrev  0x0000000000001eb4      0x26e Drivers/STM32F4xx_HAL_Driver/Src/stm32f4xx_hal_spi.o
 .debug_abbrev  0x0000000000002122      0x25e Drivers/STM32F4xx_HAL_Driver/Src/stm32f4xx_hal_tim.o
 .debug_abbrev  0x0000000000002380      0x266 Drivers/STM32F4xx_HAL_Driver/Src/stm32f4xx_hal_tim_ex.o
 .debug_abbrev  0x00000000000025e6      0x2a7 Drivers/STM32F4xx_HAL_Driver/Src/stm32f4xx_ll_usb.o
 .debug_abbrev  0x000000000000288d      0x2fc Middlewares/ST/STM32_USB_Device_Library/Class/CDC/Src/usbd_cdc.o
 .debug_abbrev  0x0000000000002b89      0x2b7 Middlewares/ST/STM32_USB_Device_Library/Core/Src/usbd_core.o
 .debug_abbrev  0x0000000000002e40      0x2fc Middlewares/ST/STM32_USB_Device_Library/Core/Src/usbd_ctlreq.o
 .debug_abbrev  0x000000000000313c      0x22a Middlewares/ST/STM32_USB_Device_Library/Core/Src/usbd_ioreq.o
 .debug_abbrev  0x0000000000003366      0x204 USB_DEVICE/App/usb_device.o
 .debug_abbrev  0x000000000000356a      0x30c USB_DEVICE/App/usbd_cdc_if.o
 .debug_abbrev  0x0000000000003876      0x2aa USB_DEVICE/App/usbd_desc.o
 .debug_abbrev  0x0000000000003b20      0x32c USB_DEVICE/Target/usbd_conf.o

.debug_aranges  0x0000000000000000     0x16f8
 .debug_aranges
                0x0000000000000000       0x68 Core/Src/main.o
 .debug_aranges
                0x0000000000000068       0x68 Core/Src/stm32f4xx_hal_msp.o
 .debug_aranges
                0x00000000000000d0       0x68 Core/Src/stm32f4xx_it.o
 .debug_aranges
                0x0000000000000138       0x28 Core/Src/system_stm32f4xx.o
 .debug_aranges
                0x0000000000000160       0x28 Core/Startup/startup_stm32f407vgtx.o
 .debug_aranges
                0x0000000000000188       0xf0 Drivers/STM32F4xx_HAL_Driver/Src/stm32f4xx_hal.o
 .debug_aranges
                0x0000000000000278      0x118 Drivers/STM32F4xx_HAL_Driver/Src/stm32f4xx_hal_cortex.o
 .debug_aranges
                0x0000000000000390       0x58 Drivers/STM32F4xx_HAL_Driver/Src/stm32f4xx_hal_gpio.o
 .debug_aranges
                0x00000000000003e8      0x2a0 Drivers/STM32F4xx_HAL_Driver/Src/stm32f4xx_hal_i2c.o
 .debug_aranges
                0x0000000000000688      0x108 Drivers/STM32F4xx_HAL_Driver/Src/stm32f4xx_hal_i2s.o
 .debug_aranges
                0x0000000000000790       0x88 Drivers/STM32F4xx_HAL_Driver/Src/stm32f4xx_hal_i2s_ex.o
 .debug_aranges
                0x0000000000000818      0x138 Drivers/STM32F4xx_HAL_Driver/Src/stm32f4xx_hal_pcd.o
 .debug_aranges
                0x0000000000000950       0x38 Drivers/STM32F4xx_HAL_Driver/Src/stm32f4xx_hal_pcd_ex.o
 .debug_aranges
                0x0000000000000988       0x88 Drivers/STM32F4xx_HAL_Driver/Src/stm32f4xx_hal_rcc.o
 .debug_aranges
                0x0000000000000a10       0x48 Drivers/STM32F4xx_HAL_Driver/Src/stm32f4xx_hal_rcc_ex.o
 .debug_aranges
                0x0000000000000a58      0x1d0 Drivers/STM32F4xx_HAL_Driver/Src/stm32f4xx_hal_spi.o
 .debug_aranges
                0x0000000000000c28      0x3d0 Drivers/STM32F4xx_HAL_Driver/Src/stm32f4xx_hal_tim.o
 .debug_aranges
                0x0000000000000ff8      0x168 Drivers/STM32F4xx_HAL_Driver/Src/stm32f4xx_hal_tim_ex.o
 .debug_aranges
                0x0000000000001160      0x198 Drivers/STM32F4xx_HAL_Driver/Src/stm32f4xx_ll_usb.o
 .debug_aranges
                0x00000000000012f8       0x90 Middlewares/ST/STM32_USB_Device_Library/Class/CDC/Src/usbd_cdc.o
 .debug_aranges
                0x0000000000001388       0xb8 Middlewares/ST/STM32_USB_Device_Library/Core/Src/usbd_core.o
 .debug_aranges
                0x0000000000001440       0x90 Middlewares/ST/STM32_USB_Device_Library/Core/Src/usbd_ctlreq.o
 .debug_aranges
                0x00000000000014d0       0x50 Middlewares/ST/STM32_USB_Device_Library/Core/Src/usbd_ioreq.o
 .debug_aranges
                0x0000000000001520       0x20 USB_DEVICE/App/usb_device.o
 .debug_aranges
                0x0000000000001540       0x48 USB_DEVICE/App/usbd_cdc_if.o
 .debug_aranges
                0x0000000000001588       0x60 USB_DEVICE/App/usbd_desc.o
 .debug_aranges
                0x00000000000015e8      0x110 USB_DEVICE/Target/usbd_conf.o

.debug_ranges   0x0000000000000000     0x1578
 .debug_ranges  0x0000000000000000       0x58 Core/Src/main.o
 .debug_ranges  0x0000000000000058       0x58 Core/Src/stm32f4xx_hal_msp.o
 .debug_ranges  0x00000000000000b0       0x58 Core/Src/stm32f4xx_it.o
 .debug_ranges  0x0000000000000108       0x18 Core/Src/system_stm32f4xx.o
 .debug_ranges  0x0000000000000120       0x20 Core/Startup/startup_stm32f407vgtx.o
 .debug_ranges  0x0000000000000140       0xe0 Drivers/STM32F4xx_HAL_Driver/Src/stm32f4xx_hal.o
 .debug_ranges  0x0000000000000220      0x108 Drivers/STM32F4xx_HAL_Driver/Src/stm32f4xx_hal_cortex.o
 .debug_ranges  0x0000000000000328       0x48 Drivers/STM32F4xx_HAL_Driver/Src/stm32f4xx_hal_gpio.o
 .debug_ranges  0x0000000000000370      0x2b8 Drivers/STM32F4xx_HAL_Driver/Src/stm32f4xx_hal_i2c.o
 .debug_ranges  0x0000000000000628       0xf8 Drivers/STM32F4xx_HAL_Driver/Src/stm32f4xx_hal_i2s.o
 .debug_ranges  0x0000000000000720       0x78 Drivers/STM32F4xx_HAL_Driver/Src/stm32f4xx_hal_i2s_ex.o
 .debug_ranges  0x0000000000000798      0x128 Drivers/STM32F4xx_HAL_Driver/Src/stm32f4xx_hal_pcd.o
 .debug_ranges  0x00000000000008c0       0x28 Drivers/STM32F4xx_HAL_Driver/Src/stm32f4xx_hal_pcd_ex.o
 .debug_ranges  0x00000000000008e8       0x78 Drivers/STM32F4xx_HAL_Driver/Src/stm32f4xx_hal_rcc.o
 .debug_ranges  0x0000000000000960       0x38 Drivers/STM32F4xx_HAL_Driver/Src/stm32f4xx_hal_rcc_ex.o
 .debug_ranges  0x0000000000000998      0x1c0 Drivers/STM32F4xx_HAL_Driver/Src/stm32f4xx_hal_spi.o
 .debug_ranges  0x0000000000000b58      0x3c0 Drivers/STM32F4xx_HAL_Driver/Src/stm32f4xx_hal_tim.o
 .debug_ranges  0x0000000000000f18      0x158 Drivers/STM32F4xx_HAL_Driver/Src/stm32f4xx_hal_tim_ex.o
 .debug_ranges  0x0000000000001070      0x188 Drivers/STM32F4xx_HAL_Driver/Src/stm32f4xx_ll_usb.o
 .debug_ranges  0x00000000000011f8       0x80 Middlewares/ST/STM32_USB_Device_Library/Class/CDC/Src/usbd_cdc.o
 .debug_ranges  0x0000000000001278       0xa8 Middlewares/ST/STM32_USB_Device_Library/Core/Src/usbd_core.o
 .debug_ranges  0x0000000000001320       0x80 Middlewares/ST/STM32_USB_Device_Library/Core/Src/usbd_ctlreq.o
 .debug_ranges  0x00000000000013a0       0x40 Middlewares/ST/STM32_USB_Device_Library/Core/Src/usbd_ioreq.o
 .debug_ranges  0x00000000000013e0       0x10 USB_DEVICE/App/usb_device.o
 .debug_ranges  0x00000000000013f0       0x38 USB_DEVICE/App/usbd_cdc_if.o
 .debug_ranges  0x0000000000001428       0x50 USB_DEVICE/App/usbd_desc.o
 .debug_ranges  0x0000000000001478      0x100 USB_DEVICE/Target/usbd_conf.o

.debug_macro    0x0000000000000000    0x253fd
 .debug_macro   0x0000000000000000      0x41f Core/Src/main.o
 .debug_macro   0x000000000000041f      0xaa8 Core/Src/main.o
 .debug_macro   0x0000000000000ec7      0x2ad Core/Src/main.o
 .debug_macro   0x0000000000001174       0x2e Core/Src/main.o
 .debug_macro   0x00000000000011a2       0x2f Core/Src/main.o
 .debug_macro   0x00000000000011d1       0x22 Core/Src/main.o
 .debug_macro   0x00000000000011f3       0x8e Core/Src/main.o
 .debug_macro   0x0000000000001281       0x51 Core/Src/main.o
 .debug_macro   0x00000000000012d2      0x103 Core/Src/main.o
 .debug_macro   0x00000000000013d5       0x6a Core/Src/main.o
 .debug_macro   0x000000000000143f      0x1df Core/Src/main.o
 .debug_macro   0x000000000000161e       0x1c Core/Src/main.o
 .debug_macro   0x000000000000163a       0x22 Core/Src/main.o
 .debug_macro   0x000000000000165c       0xdf Core/Src/main.o
 .debug_macro   0x000000000000173b     0x102d Core/Src/main.o
 .debug_macro   0x0000000000002768      0x11f Core/Src/main.o
 .debug_macro   0x0000000000002887    0x15e3c Core/Src/main.o
 .debug_macro   0x00000000000186c3       0x43 Core/Src/main.o
 .debug_macro   0x0000000000018706     0x3659 Core/Src/main.o
 .debug_macro   0x000000000001bd5f      0x174 Core/Src/main.o
 .debug_macro   0x000000000001bed3       0x5c Core/Src/main.o
 .debug_macro   0x000000000001bf2f      0x96b Core/Src/main.o
 .debug_macro   0x000000000001c89a      0x9fe Core/Src/main.o
 .debug_macro   0x000000000001d298      0x117 Core/Src/main.o
 .debug_macro   0x000000000001d3af      0x13e Core/Src/main.o
 .debug_macro   0x000000000001d4ed       0x82 Core/Src/main.o
 .debug_macro   0x000000000001d56f      0x174 Core/Src/main.o
 .debug_macro   0x000000000001d6e3      0x287 Core/Src/main.o
 .debug_macro   0x000000000001d96a       0x5f Core/Src/main.o
 .debug_macro   0x000000000001d9c9      0x236 Core/Src/main.o
 .debug_macro   0x000000000001dbff      0x12c Core/Src/main.o
 .debug_macro   0x000000000001dd2b      0x21e Core/Src/main.o
 .debug_macro   0x000000000001df49       0x2e Core/Src/main.o
 .debug_macro   0x000000000001df77      0x1b5 Core/Src/main.o
 .debug_macro   0x000000000001e12c       0xd6 Core/Src/main.o
 .debug_macro   0x000000000001e202      0x1a7 Core/Src/main.o
 .debug_macro   0x000000000001e3a9       0x46 Core/Src/main.o
 .debug_macro   0x000000000001e3ef       0x4a Core/Src/main.o
 .debug_macro   0x000000000001e439      0x11a Core/Src/main.o
 .debug_macro   0x000000000001e553       0x7e Core/Src/main.o
 .debug_macro   0x000000000001e5d1       0x89 Core/Src/main.o
 .debug_macro   0x000000000001e65a      0x225 Core/Src/main.o
 .debug_macro   0x000000000001e87f      0x8d1 Core/Src/main.o
 .debug_macro   0x000000000001f150       0x47 Core/Src/main.o
 .debug_macro   0x000000000001f197      0x21e Core/Src/main.o
 .debug_macro   0x000000000001f3b5       0xba Core/Src/main.o
 .debug_macro   0x000000000001f46f      0x12d Core/Src/main.o
 .debug_macro   0x000000000001f59c      0x19f Core/Src/main.o
 .debug_macro   0x000000000001f73b       0x52 Core/Src/main.o
 .debug_macro   0x000000000001f78d       0x18 Core/Src/main.o
 .debug_macro   0x000000000001f7a5       0x3c Core/Src/main.o
 .debug_macro   0x000000000001f7e1       0x34 Core/Src/main.o
 .debug_macro   0x000000000001f815       0x16 Core/Src/main.o
 .debug_macro   0x000000000001f82b       0x35 Core/Src/main.o
 .debug_macro   0x000000000001f860      0x333 Core/Src/main.o
 .debug_macro   0x000000000001fb93       0x10 Core/Src/main.o
 .debug_macro   0x000000000001fba3       0x16 Core/Src/main.o
 .debug_macro   0x000000000001fbb9       0x43 Core/Src/main.o
 .debug_macro   0x000000000001fbfc       0x34 Core/Src/main.o
 .debug_macro   0x000000000001fc30       0x10 Core/Src/main.o
 .debug_macro   0x000000000001fc40       0x58 Core/Src/main.o
 .debug_macro   0x000000000001fc98       0x71 Core/Src/main.o
 .debug_macro   0x000000000001fd09       0x1c Core/Src/main.o
 .debug_macro   0x000000000001fd25      0x12a Core/Src/main.o
 .debug_macro   0x000000000001fe4f       0x10 Core/Src/main.o
 .debug_macro   0x000000000001fe5f       0x1c Core/Src/main.o
 .debug_macro   0x000000000001fe7b       0x52 Core/Src/main.o
 .debug_macro   0x000000000001fecd       0x22 Core/Src/main.o
 .debug_macro   0x000000000001feef       0x10 Core/Src/main.o
 .debug_macro   0x000000000001feff       0x40 Core/Src/main.o
 .debug_macro   0x000000000001ff3f       0xd5 Core/Src/main.o
 .debug_macro   0x0000000000020014       0x1c Core/Src/main.o
 .debug_macro   0x0000000000020030       0x3d Core/Src/main.o
 .debug_macro   0x000000000002006d       0x16 Core/Src/main.o
 .debug_macro   0x0000000000020083      0x145 Core/Src/main.o
 .debug_macro   0x00000000000201c8       0x16 Core/Src/main.o
 .debug_macro   0x00000000000201de       0x16 Core/Src/main.o
 .debug_macro   0x00000000000201f4       0x29 Core/Src/main.o
 .debug_macro   0x000000000002021d       0x16 Core/Src/main.o
 .debug_macro   0x0000000000020233       0x20 Core/Src/main.o
 .debug_macro   0x0000000000020253       0x65 Core/Src/main.o
 .debug_macro   0x00000000000202b8      0x1ef Core/Src/main.o
 .debug_macro   0x00000000000204a7      0x234 Core/Src/stm32f4xx_hal_msp.o
 .debug_macro   0x00000000000206db      0x23e Core/Src/stm32f4xx_it.o
 .debug_macro   0x0000000000020919      0x225 Core/Src/system_stm32f4xx.o
 .debug_macro   0x0000000000020b3e      0x285 Drivers/STM32F4xx_HAL_Driver/Src/stm32f4xx_hal.o
 .debug_macro   0x0000000000020dc3      0x225 Drivers/STM32F4xx_HAL_Driver/Src/stm32f4xx_hal_cortex.o
 .debug_macro   0x0000000000020fe8      0x22b Drivers/STM32F4xx_HAL_Driver/Src/stm32f4xx_hal_gpio.o
 .debug_macro   0x0000000000021213      0x26c Drivers/STM32F4xx_HAL_Driver/Src/stm32f4xx_hal_i2c.o
 .debug_macro   0x000000000002147f      0x22d Drivers/STM32F4xx_HAL_Driver/Src/stm32f4xx_hal_i2s.o
 .debug_macro   0x00000000000216ac      0x225 Drivers/STM32F4xx_HAL_Driver/Src/stm32f4xx_hal_i2s_ex.o
 .debug_macro   0x00000000000218d1      0x231 Drivers/STM32F4xx_HAL_Driver/Src/stm32f4xx_hal_pcd.o
 .debug_macro   0x0000000000021b02      0x225 Drivers/STM32F4xx_HAL_Driver/Src/stm32f4xx_hal_pcd_ex.o
 .debug_macro   0x0000000000021d27      0x249 Drivers/STM32F4xx_HAL_Driver/Src/stm32f4xx_hal_rcc.o
 .debug_macro   0x0000000000021f70      0x225 Drivers/STM32F4xx_HAL_Driver/Src/stm32f4xx_hal_rcc_ex.o
 .debug_macro   0x0000000000022195      0x234 Drivers/STM32F4xx_HAL_Driver/Src/stm32f4xx_hal_spi.o
 .debug_macro   0x00000000000223c9      0x226 Drivers/STM32F4xx_HAL_Driver/Src/stm32f4xx_hal_tim.o
 .debug_macro   0x00000000000225ef      0x225 Drivers/STM32F4xx_HAL_Driver/Src/stm32f4xx_hal_tim_ex.o
 .debug_macro   0x0000000000022814      0x225 Drivers/STM32F4xx_HAL_Driver/Src/stm32f4xx_ll_usb.o
 .debug_macro   0x0000000000022a39      0x44a Middlewares/ST/STM32_USB_Device_Library/Class/CDC/Src/usbd_cdc.o
 .debug_macro   0x0000000000022e83       0x97 Middlewares/ST/STM32_USB_Device_Library/Class/CDC/Src/usbd_cdc.o
 .debug_macro   0x0000000000022f1a       0xfd Middlewares/ST/STM32_USB_Device_Library/Class/CDC/Src/usbd_cdc.o
 .debug_macro   0x0000000000023017       0xd9 Middlewares/ST/STM32_USB_Device_Library/Class/CDC/Src/usbd_cdc.o
 .debug_macro   0x00000000000230f0       0x56 Middlewares/ST/STM32_USB_Device_Library/Class/CDC/Src/usbd_cdc.o
 .debug_macro   0x0000000000023146       0x95 Middlewares/ST/STM32_USB_Device_Library/Class/CDC/Src/usbd_cdc.o
 .debug_macro   0x00000000000231db      0x431 Middlewares/ST/STM32_USB_Device_Library/Core/Src/usbd_core.o
 .debug_macro   0x000000000002360c      0x1f5 Middlewares/ST/STM32_USB_Device_Library/Core/Src/usbd_core.o
 .debug_macro   0x0000000000023801      0x43b Middlewares/ST/STM32_USB_Device_Library/Core/Src/usbd_ctlreq.o
 .debug_macro   0x0000000000023c3c      0x437 Middlewares/ST/STM32_USB_Device_Library/Core/Src/usbd_ioreq.o
 .debug_macro   0x0000000000024073      0x46a USB_DEVICE/App/usb_device.o
 .debug_macro   0x00000000000244dd      0x1a5 USB_DEVICE/App/usb_device.o
 .debug_macro   0x0000000000024682       0x22 USB_DEVICE/App/usb_device.o
 .debug_macro   0x00000000000246a4       0x16 USB_DEVICE/App/usb_device.o
 .debug_macro   0x00000000000246ba      0x455 USB_DEVICE/App/usbd_cdc_if.o
 .debug_macro   0x0000000000024b0f       0x10 USB_DEVICE/App/usbd_cdc_if.o
 .debug_macro   0x0000000000024b1f      0x474 USB_DEVICE/App/usbd_desc.o
 .debug_macro   0x0000000000024f93       0x1c USB_DEVICE/App/usbd_desc.o
 .debug_macro   0x0000000000024faf      0x44e USB_DEVICE/Target/usbd_conf.o

.debug_line     0x0000000000000000    0x1d670
 .debug_line    0x0000000000000000      0xeb9 Core/Src/main.o
 .debug_line    0x0000000000000eb9      0x8f5 Core/Src/stm32f4xx_hal_msp.o
 .debug_line    0x00000000000017ae      0x86d Core/Src/stm32f4xx_it.o
 .debug_line    0x000000000000201b      0x814 Core/Src/system_stm32f4xx.o
 .debug_line    0x000000000000282f       0x88 Core/Startup/startup_stm32f407vgtx.o
 .debug_line    0x00000000000028b7      0xa7a Drivers/STM32F4xx_HAL_Driver/Src/stm32f4xx_hal.o
 .debug_line    0x0000000000003331      0xd29 Drivers/STM32F4xx_HAL_Driver/Src/stm32f4xx_hal_cortex.o
 .debug_line    0x000000000000405a      0xbf2 Drivers/STM32F4xx_HAL_Driver/Src/stm32f4xx_hal_gpio.o
 .debug_line    0x0000000000004c4c     0x3a01 Drivers/STM32F4xx_HAL_Driver/Src/stm32f4xx_hal_i2c.o
 .debug_line    0x000000000000864d     0x1413 Drivers/STM32F4xx_HAL_Driver/Src/stm32f4xx_hal_i2s.o
 .debug_line    0x0000000000009a60     0x1512 Drivers/STM32F4xx_HAL_Driver/Src/stm32f4xx_hal_i2s_ex.o
 .debug_line    0x000000000000af72     0x13c5 Drivers/STM32F4xx_HAL_Driver/Src/stm32f4xx_hal_pcd.o
 .debug_line    0x000000000000c337      0x85d Drivers/STM32F4xx_HAL_Driver/Src/stm32f4xx_hal_pcd_ex.o
 .debug_line    0x000000000000cb94      0xdf6 Drivers/STM32F4xx_HAL_Driver/Src/stm32f4xx_hal_rcc.o
 .debug_line    0x000000000000d98a      0xa90 Drivers/STM32F4xx_HAL_Driver/Src/stm32f4xx_hal_rcc_ex.o
 .debug_line    0x000000000000e41a     0x1d02 Drivers/STM32F4xx_HAL_Driver/Src/stm32f4xx_hal_spi.o
 .debug_line    0x000000000001011c     0x36a6 Drivers/STM32F4xx_HAL_Driver/Src/stm32f4xx_hal_tim.o
 .debug_line    0x00000000000137c2     0x1a47 Drivers/STM32F4xx_HAL_Driver/Src/stm32f4xx_hal_tim_ex.o
 .debug_line    0x0000000000015209     0x194b Drivers/STM32F4xx_HAL_Driver/Src/stm32f4xx_ll_usb.o
 .debug_line    0x0000000000016b54      0xe69 Middlewares/ST/STM32_USB_Device_Library/Class/CDC/Src/usbd_cdc.o
 .debug_line    0x00000000000179bd      0xeec Middlewares/ST/STM32_USB_Device_Library/Core/Src/usbd_core.o
 .debug_line    0x00000000000188a9     0x116c Middlewares/ST/STM32_USB_Device_Library/Core/Src/usbd_ctlreq.o
 .debug_line    0x0000000000019a15      0xb43 Middlewares/ST/STM32_USB_Device_Library/Core/Src/usbd_ioreq.o
 .debug_line    0x000000000001a558      0xaff USB_DEVICE/App/usb_device.o
 .debug_line    0x000000000001b057      0xb62 USB_DEVICE/App/usbd_cdc_if.o
 .debug_line    0x000000000001bbb9      0xbc8 USB_DEVICE/App/usbd_desc.o
 .debug_line    0x000000000001c781      0xeef USB_DEVICE/Target/usbd_conf.o

.debug_str      0x0000000000000000    0xd2613
 .debug_str     0x0000000000000000    0xcc763 Core/Src/main.o
                                      0xccbf5 (size before relaxing)
 .debug_str     0x00000000000cc763       0xf0 Core/Src/stm32f4xx_hal_msp.o
                                      0xc7d29 (size before relaxing)
 .debug_str     0x00000000000cc853      0x3fc Core/Src/stm32f4xx_it.o
                                      0xc7472 (size before relaxing)
 .debug_str     0x00000000000ccc4f       0xaf Core/Src/system_stm32f4xx.o
                                      0xc6b11 (size before relaxing)
 .debug_str     0x00000000000cccfe       0x36 Core/Startup/startup_stm32f407vgtx.o
                                         0x82 (size before relaxing)